Archive member included to satisfy reference by file (symbol)

c:/program files/microchip/xc32/v4.45/bin/bin/../../lib/gcc/pic32c/8.3.1/../../../../pic32c/lib/thumb/v6-m/nofp\libpic32c.a(data_init.o)
                              build/default/production/_ext/1171490990/startup_xc32.o (__pic32c_data_initialization)
c:/program files/microchip/xc32/v4.45/bin/bin/../../lib/gcc/pic32c/8.3.1/../../../../pic32c/lib/thumb/v6-m/nofp\libc-size-musl.a(memcpy.o)
                              build/default/production/_ext/1593096446/plib_nvmctrl.o (memcpy)
c:/program files/microchip/xc32/v4.45/bin/bin/../../lib/gcc/pic32c/8.3.1/../../../../pic32c/lib/thumb/v6-m/nofp\libm-fast-emfloat.a(__aeabi_dmul_aux.o)
                              build/default/production/_ext/1360937237/main.o (__aeabi_dmul)
c:/program files/microchip/xc32/v4.45/bin/bin/../../lib/gcc/pic32c/8.3.1/../../../../pic32c/lib/thumb/v6-m/nofp\libm-fast-emfloat.a(__aeabi_ddiv.o)
                              build/default/production/_ext/1360937237/main.o (__aeabi_ddiv)
c:/program files/microchip/xc32/v4.45/bin/bin/../../lib/gcc/pic32c/8.3.1/../../../../pic32c/lib/thumb/v6-m/nofp\libm-fast-emfloat.a(__aeabi_dcmpgt.o)
                              build/default/production/_ext/1360937237/main.o (__aeabi_dcmpgt)
c:/program files/microchip/xc32/v4.45/bin/bin/../../lib/gcc/pic32c/8.3.1/../../../../pic32c/lib/thumb/v6-m/nofp\libm-fast-emfloat.a(__aeabi_i2d.o)
                              build/default/production/_ext/1360937237/main.o (__aeabi_i2d)
c:/program files/microchip/xc32/v4.45/bin/bin/../../lib/gcc/pic32c/8.3.1/../../../../pic32c/lib/thumb/v6-m/nofp\libm-fast-emfloat.a(__aeabi_ui2d.o)
                              c:/program files/microchip/xc32/v4.45/bin/bin/../../lib/gcc/pic32c/8.3.1/../../../../pic32c/lib/thumb/v6-m/nofp\libm-fast-emfloat.a(__aeabi_i2d.o) (__aeabi_ui2d)
c:/program files/microchip/xc32/v4.45/bin/bin/../../lib/gcc/pic32c/8.3.1/../../../../pic32c/lib/thumb/v6-m/nofp\libc-musl.a(__libc_start_main.o)
                              build/default/production/_ext/1171490990/startup_xc32.o (__libc_init_array)
c:/program files/microchip/xc32/v4.45/bin/bin/../../lib/gcc/pic32c/8.3.1/../../../../pic32c/lib/thumb/v6-m/nofp\libc-musl.a(libc.o)
                              c:/program files/microchip/xc32/v4.45/bin/bin/../../lib/gcc/pic32c/8.3.1/../../../../pic32c/lib/thumb/v6-m/nofp\libc-musl.a(__libc_start_main.o) (__progname_full)
c:/program files/microchip/xc32/v4.45/bin/bin/../../lib/gcc/pic32c/8.3.1/../../../../pic32c/lib/thumb/v6-m/nofp\libc-musl.a(__environ.o)
                              c:/program files/microchip/xc32/v4.45/bin/bin/../../lib/gcc/pic32c/8.3.1/../../../../pic32c/lib/thumb/v6-m/nofp\libc-musl.a(__libc_start_main.o) (__environ)
c:/program files/microchip/xc32/v4.45/bin/bin/../../lib/gcc/pic32c/8.3.1/thumb/v6-m/nofp\libgcc.a(_aeabi_uldivmod.o)
                              build/default/production/_ext/504274921/plib_sercom1_usart.o (__aeabi_uldivmod)
c:/program files/microchip/xc32/v4.45/bin/bin/../../lib/gcc/pic32c/8.3.1/thumb/v6-m/nofp\libgcc.a(_udivmoddi4.o)
                              c:/program files/microchip/xc32/v4.45/bin/bin/../../lib/gcc/pic32c/8.3.1/thumb/v6-m/nofp\libgcc.a(_aeabi_uldivmod.o) (__udivmoddi4)
c:/program files/microchip/xc32/v4.45/bin/bin/../../lib/gcc/pic32c/8.3.1/thumb/v6-m/nofp\libgcc.a(_dvmd_tls.o)
                              c:/program files/microchip/xc32/v4.45/bin/bin/../../lib/gcc/pic32c/8.3.1/thumb/v6-m/nofp\libgcc.a(_aeabi_uldivmod.o) (__aeabi_ldiv0)
c:/program files/microchip/xc32/v4.45/bin/bin/../../lib/gcc/pic32c/8.3.1/thumb/v6-m/nofp\libgcc.a(_lshrdi3.o)
                              c:/program files/microchip/xc32/v4.45/bin/bin/../../lib/gcc/pic32c/8.3.1/thumb/v6-m/nofp\libgcc.a(_udivmoddi4.o) (__aeabi_llsr)
c:/program files/microchip/xc32/v4.45/bin/bin/../../lib/gcc/pic32c/8.3.1/thumb/v6-m/nofp\libgcc.a(_ashldi3.o)
                              c:/program files/microchip/xc32/v4.45/bin/bin/../../lib/gcc/pic32c/8.3.1/thumb/v6-m/nofp\libgcc.a(_udivmoddi4.o) (__aeabi_llsl)
c:/program files/microchip/xc32/v4.45/bin/bin/../../lib/gcc/pic32c/8.3.1/thumb/v6-m/nofp\libgcc.a(_clzdi2.o)
                              c:/program files/microchip/xc32/v4.45/bin/bin/../../lib/gcc/pic32c/8.3.1/thumb/v6-m/nofp\libgcc.a(_udivmoddi4.o) (__clzdi2)
c:/program files/microchip/xc32/v4.45/bin/bin/../../lib/gcc/pic32c/8.3.1/thumb/v6-m/nofp\libgcc.a(_clzsi2.o)
                              c:/program files/microchip/xc32/v4.45/bin/bin/../../lib/gcc/pic32c/8.3.1/thumb/v6-m/nofp\libgcc.a(_clzdi2.o) (__clzsi2)
c:/program files/microchip/xc32/v4.45/bin/bin/../../lib/gcc/pic32c/8.3.1/../../../../pic32c/lib/thumb/v6-m/nofp\libpic32c.a(pic32_data_init_clear.o)
                              (__dinit_clear_needed)
c:/program files/microchip/xc32/v4.45/bin/bin/../../lib/gcc/pic32c/8.3.1/../../../../pic32c/lib/thumb/v6-m/nofp\libpic32c.a(pic32_data_init_copy.o)
                              (__dinit_copy_needed)

[...]
Memory Configuration

Name             Origin             Length             Attributes
rom              0x0000000000000000 0x0000000000020000 xrl
ram              0x0000000020000000 0x0000000000004000 xw !r
config_D0804000  0x00000000d0804000 0x0000000000000004
config_D0806020  0x00000000d0806020 0x0000000000000004
config_D0804004  0x00000000d0804004 0x0000000000000004
config_D0806034  0x00000000d0806034 0x0000000000000004
config_D0806030  0x00000000d0806030 0x0000000000000004
*default*        0x0000000000000000 0xffffffffffffffff

Linker script and memory map

LOAD c:/program files/microchip/xc32/v4.45/bin/bin/../../lib/gcc/pic32c/8.3.1/thumb/v6-m/nofp/crti.o
LOAD c:/program files/microchip/xc32/v4.45/bin/bin/../../lib/gcc/pic32c/8.3.1/thumb/v6-m/nofp/crtbegin.o
LOAD build/default/production/_ext/1984496892/plib_clock.o
LOAD build/default/production/_ext/1865161661/plib_dmac.o
LOAD build/default/production/_ext/60167341/plib_eic.o
LOAD build/default/production/_ext/1986646378/plib_evsys.o
LOAD build/default/production/_ext/1865468468/plib_nvic.o
LOAD build/default/production/_ext/1593096446/plib_nvmctrl.o
LOAD build/default/production/_ext/1865521619/plib_port.o
LOAD build/default/production/_ext/60180175/plib_rtc_timer.o
LOAD build/default/production/_ext/504274921/plib_sercom1_usart.o
LOAD build/default/production/_ext/60181570/plib_tcc0.o
LOAD build/default/production/_ext/163028504/xc32_monitor.o
LOAD build/default/production/_ext/1171490990/initialization.o
LOAD build/default/production/_ext/1171490990/interrupts.o
LOAD build/default/production/_ext/1171490990/exceptions.o
LOAD build/default/production/_ext/1171490990/startup_xc32.o
LOAD build/default/production/_ext/1171490990/libc_syscalls.o
LOAD build/default/production/_ext/1360937237/main.o
LOAD build/default/production/_ext/829342655/plib_tc0.o
LOAD build/default/production/_ext/60163342/plib_adc0.o
                0x0000000000000001                __MPLAB_BUILD = 0x1
                0x0000000000020000                __rom_end = (ORIGIN (rom) + LENGTH (rom))
                0x0000000020004000                __ram_end = (ORIGIN (ram) + LENGTH (ram))

.config_D0804000
 *(.config_D0804000)

.config_D0806020
 *(.config_D0806020)

.config_D0804004
 *(.config_D0804004)

.config_D0806034
 *(.config_D0806034)

.config_D0806030
 *(.config_D0806030)

.vectors        0x0000000000000000       0xac
                0x0000000000000000                . = ALIGN (0x4)
                0x0000000000000000                _sfixed = .
 *(.vectors .vectors.* .vectors_default .vectors_default.*)
 .vectors.exception_table
                0x0000000000000000       0xac build/default/production/_ext/1171490990/interrupts.o
                0x0000000000000000                exception_table
 *(.isr_vector)
 *(.reset*)
 *(.after_vectors)

.text           0x00000000000000ac       0x20
                0x00000000000000ac                . = ALIGN (0x4)
 *(.glue_7t)
 .glue_7t       0x00000000000000ac        0x0 linker stubs
 *(.glue_7)
 .glue_7        0x00000000000000ac        0x0 linker stubs
 *(.gnu.linkonce.r.*)
 *(.ARM.extab* .gnu.linkonce.armextab.*)
                0x00000000000000ac                . = ALIGN (0x4)
 *(.init)
 .init          0x00000000000000ac        0x4 c:/program files/microchip/xc32/v4.45/bin/bin/../../lib/gcc/pic32c/8.3.1/thumb/v6-m/nofp/crti.o
                0x00000000000000ac                _init
 .init          0x00000000000000b0        0x8 c:/program files/microchip/xc32/v4.45/bin/bin/../../lib/gcc/pic32c/8.3.1/thumb/v6-m/nofp/crtn.o
                0x00000000000000b8                . = ALIGN (0x4)
                0x00000000000000b8                __preinit_array_start = .
 *(.preinit_array)
                0x00000000000000b8                __preinit_array_end = .
                0x00000000000000b8                . = ALIGN (0x4)
                0x00000000000000b8                __init_array_start = .
 *(SORT_BY_NAME(.init_array.*))
 *(.init_array)
 .init_array    0x00000000000000b8        0x4 c:/program files/microchip/xc32/v4.45/bin/bin/../../lib/gcc/pic32c/8.3.1/thumb/v6-m/nofp/crtbegin.o
                0x00000000000000bc                __init_array_end = .
                0x00000000000000bc                . = ALIGN (0x4)
 *crtbegin.o(.ctors)
 *(EXCLUDE_FILE(*crtend.o) .ctors)
 *(SORT_BY_NAME(.ctors.*))
 *crtend.o(.ctors)
                0x00000000000000bc                . = ALIGN (0x4)
 *(.fini)
 .fini          0x00000000000000bc        0x4 c:/program files/microchip/xc32/v4.45/bin/bin/../../lib/gcc/pic32c/8.3.1/thumb/v6-m/nofp/crti.o
                0x00000000000000bc                _fini
 .fini          0x00000000000000c0        0x8 c:/program files/microchip/xc32/v4.45/bin/bin/../../lib/gcc/pic32c/8.3.1/thumb/v6-m/nofp/crtn.o
                0x00000000000000c8                . = ALIGN (0x4)
                0x00000000000000c8                __fini_array_start = .
 *(.fini_array)
 .fini_array    0x00000000000000c8        0x4 c:/program files/microchip/xc32/v4.45/bin/bin/../../lib/gcc/pic32c/8.3.1/thumb/v6-m/nofp/crtbegin.o
 *(SORT_BY_NAME(.fini_array.*))
                0x00000000000000cc                __fini_array_end = .
 *crtbegin.o(.dtors)
 *(EXCLUDE_FILE(*crtend.o) .dtors)
 *(SORT_BY_NAME(.dtors.*))
 *crtend.o(.dtors)
                0x00000000000000cc                . = ALIGN (0x4)
                0x00000000000000cc                _efixed = .
                [!provide]                        PROVIDE (__exidx_start = .)

.ARM.exidx
 *(.ARM.exidx* .gnu.linkonce.armexidx.*)
                [!provide]                        PROVIDE (__exidx_end = .)
                0x00000000000000cc                . = ALIGN (0x4)
                0x00000000000000cc                _etext = .

.bss            0x0000000020000000        0x0
                0x0000000020000000                . = ALIGN (0x4)
                0x0000000020000000                __bss_start__ = .
                0x0000000020000000                _sbss = .
                0x0000000020000000                _szero = .
 *(COMMON)
                0x0000000020000000                . = ALIGN (0x4)
                0x0000000020000000                __bss_end__ = .
                0x0000000020000000                _ebss = .
                0x0000000020000000                _ezero = .
                0x0000000020000000                . = ALIGN (0x4)
                0x0000000020000000                _end = .
                0x0000000020003fff                _ram_end_ = ((ORIGIN (ram) + LENGTH (ram)) - 0x1)
                0x0000000000000200                _min_heap_size = 0x200
START GROUP
LOAD c:/program files/microchip/xc32/v4.45/bin/bin/../../lib/gcc/pic32c/8.3.1/../../../../pic32c/lib/thumb/v6-m/nofp\libpic32c.a
LOAD c:/program files/microchip/xc32/v4.45/bin/bin/../../lib/gcc/pic32c/8.3.1/../../../../pic32c/lib/thumb/v6-m/nofp\libc-size-musl.a
LOAD c:/program files/microchip/xc32/v4.45/bin/bin/../../lib/gcc/pic32c/8.3.1/../../../../pic32c/lib/thumb/v6-m/nofp\liblmalloc-musl.a
LOAD c:/program files/microchip/xc32/v4.45/bin/bin/../../lib/gcc/pic32c/8.3.1/../../../../pic32c/lib/thumb/v6-m/nofp\libm-fast-emfloat.a
LOAD c:/program files/microchip/xc32/v4.45/bin/bin/../../lib/gcc/pic32c/8.3.1/../../../../pic32c/lib/thumb/v6-m/nofp\libm-musl.a
LOAD c:/program files/microchip/xc32/v4.45/bin/bin/../../lib/gcc/pic32c/8.3.1/../../../../pic32c/lib/thumb/v6-m/nofp\libc-musl.a
LOAD c:/program files/microchip/xc32/v4.45/bin/bin/../../lib/gcc/pic32c/8.3.1/../../../../pic32c/lib/thumb/v6-m/nofp\libm-fast-emfloat.a
LOAD c:/program files/microchip/xc32/v4.45/bin/bin/../../lib/gcc/pic32c/8.3.1/../../../../pic32c/lib/thumb/v6-m/nofp\libm-musl.a
LOAD c:/program files/microchip/xc32/v4.45/bin/bin/../../lib/gcc/pic32c/8.3.1/thumb/v6-m/nofp\libgcc.a
END GROUP
LOAD c:/program files/microchip/xc32/v4.45/bin/bin/../../lib/gcc/pic32c/8.3.1/thumb/v6-m/nofp/crtend.o
LOAD c:/program files/microchip/xc32/v4.45/bin/bin/../../lib/gcc/pic32c/8.3.1/thumb/v6-m/nofp/crtn.o
OUTPUT(dist/default/production/test_adc.X.production.elf elf32-littlearm)
LOAD data_init
LOAD stack

.ARM.attributes
                0x0000000000000000       0x2a
 .ARM.attributes
                0x0000000000000000       0x1e c:/program files/microchip/xc32/v4.45/bin/bin/../../lib/gcc/pic32c/8.3.1/thumb/v6-m/nofp/crti.o
 .ARM.attributes
                0x000000000000001e       0x2c c:/program files/microchip/xc32/v4.45/bin/bin/../../lib/gcc/pic32c/8.3.1/thumb/v6-m/nofp/crtbegin.o
 .ARM.attributes
                0x000000000000004a       0x2c build/default/production/_ext/1984496892/plib_clock.o
 .ARM.attributes
                0x0000000000000076       0x2c build/default/production/_ext/1865161661/plib_dmac.o
 .ARM.attributes
                0x00000000000000a2       0x2c build/default/production/_ext/60167341/plib_eic.o
 .ARM.attributes
                0x00000000000000ce       0x2c build/default/production/_ext/1865468468/plib_nvic.o
 .ARM.attributes
                0x00000000000000fa       0x2c build/default/production/_ext/1593096446/plib_nvmctrl.o
 .ARM.attributes
                0x0000000000000126       0x2c build/default/production/_ext/1865521619/plib_port.o
 .ARM.attributes
                0x0000000000000152       0x2c build/default/production/_ext/60180175/plib_rtc_timer.o
 .ARM.attributes
                0x000000000000017e       0x2c build/default/production/_ext/60181570/plib_tcc0.o
 .ARM.attributes
                0x00000000000001aa       0x2c build/default/production/_ext/1171490990/initialization.o
 .ARM.attributes
                0x00000000000001d6       0x2c build/default/production/_ext/1171490990/interrupts.o
 .ARM.attributes
                0x0000000000000202       0x2c build/default/production/_ext/1171490990/exceptions.o
 .ARM.attributes
                0x000000000000022e       0x2c build/default/production/_ext/1171490990/startup_xc32.o
 .ARM.attributes
                0x000000000000025a       0x2c build/default/production/_ext/1360937237/main.o
 .ARM.attributes
                0x0000000000000286       0x2c build/default/production/_ext/829342655/plib_tc0.o
 .ARM.attributes
                0x00000000000002b2       0x2c build/default/production/_ext/60163342/plib_adc0.o
 .ARM.attributes
                0x00000000000002de       0x2c c:/program files/microchip/xc32/v4.45/bin/bin/../../lib/gcc/pic32c/8.3.1/../../../../pic32c/lib/thumb/v6-m/nofp\libpic32c.a(data_init.o)
 .ARM.attributes
                0x000000000000030a       0x1c c:/program files/microchip/xc32/v4.45/bin/bin/../../lib/gcc/pic32c/8.3.1/../../../../pic32c/lib/thumb/v6-m/nofp\libm-fast-emfloat.a(__aeabi_dmul_aux.o)
 .ARM.attributes
                0x0000000000000326       0x1c c:/program files/microchip/xc32/v4.45/bin/bin/../../lib/gcc/pic32c/8.3.1/../../../../pic32c/lib/thumb/v6-m/nofp\libm-fast-emfloat.a(__aeabi_ddiv.o)
 .ARM.attributes
                0x0000000000000342       0x1c c:/program files/microchip/xc32/v4.45/bin/bin/../../lib/gcc/pic32c/8.3.1/../../../../pic32c/lib/thumb/v6-m/nofp\libm-fast-emfloat.a(__aeabi_dcmpgt.o)
 .ARM.attributes
                0x000000000000035e       0x1c c:/program files/microchip/xc32/v4.45/bin/bin/../../lib/gcc/pic32c/8.3.1/../../../../pic32c/lib/thumb/v6-m/nofp\libm-fast-emfloat.a(__aeabi_i2d.o)
 .ARM.attributes
                0x000000000000037a       0x1c c:/program files/microchip/xc32/v4.45/bin/bin/../../lib/gcc/pic32c/8.3.1/../../../../pic32c/lib/thumb/v6-m/nofp\libm-fast-emfloat.a(__aeabi_ui2d.o)
 .ARM.attributes
                0x0000000000000396       0x2e c:/program files/microchip/xc32/v4.45/bin/bin/../../lib/gcc/pic32c/8.3.1/../../../../pic32c/lib/thumb/v6-m/nofp\libc-musl.a(__libc_start_main.o)
 .ARM.attributes
                0x00000000000003c4       0x2e c:/program files/microchip/xc32/v4.45/bin/bin/../../lib/gcc/pic32c/8.3.1/../../../../pic32c/lib/thumb/v6-m/nofp\libc-musl.a(libc.o)
 .ARM.attributes
                0x00000000000003f2       0x2e c:/program files/microchip/xc32/v4.45/bin/bin/../../lib/gcc/pic32c/8.3.1/../../../../pic32c/lib/thumb/v6-m/nofp\libc-musl.a(__environ.o)
 .ARM.attributes
                0x0000000000000420       0x1e c:/program files/microchip/xc32/v4.45/bin/bin/../../lib/gcc/pic32c/8.3.1/thumb/v6-m/nofp/crtn.o
 .ARM.attributes
                0x000000000000043e       0x2c c:/program files/microchip/xc32/v4.45/bin/bin/../../lib/gcc/pic32c/8.3.1/../../../../pic32c/lib/thumb/v6-m/nofp\libpic32c.a(pic32_data_init_clear.o)
 .ARM.attributes
                0x000000000000046a       0x2c c:/program files/microchip/xc32/v4.45/bin/bin/../../lib/gcc/pic32c/8.3.1/../../../../pic32c/lib/thumb/v6-m/nofp\libpic32c.a(pic32_data_init_copy.o)

.comment        0x0000000000000000       0x2b
 .comment       0x0000000000000000       0x2b c:/program files/microchip/xc32/v4.45/bin/bin/../../lib/gcc/pic32c/8.3.1/thumb/v6-m/nofp/crtbegin.o
                                         0x2c (size before relaxing)
 .comment       0x000000000000002b       0x2c build/default/production/_ext/1984496892/plib_clock.o
 .comment       0x000000000000002b       0x2c build/default/production/_ext/1865161661/plib_dmac.o
 .comment       0x000000000000002b       0x2c build/default/production/_ext/60167341/plib_eic.o
 .comment       0x000000000000002b       0x2c build/default/production/_ext/1865468468/plib_nvic.o
 .comment       0x000000000000002b       0x2c build/default/production/_ext/1593096446/plib_nvmctrl.o
 .comment       0x000000000000002b       0x2c build/default/production/_ext/1865521619/plib_port.o
 .comment       0x000000000000002b       0x2c build/default/production/_ext/60180175/plib_rtc_timer.o
 .comment       0x000000000000002b       0x2c build/default/production/_ext/60181570/plib_tcc0.o
 .comment       0x000000000000002b       0x2c build/default/production/_ext/1171490990/initialization.o
 .comment       0x000000000000002b       0x2c build/default/production/_ext/1171490990/interrupts.o
 .comment       0x000000000000002b       0x2c build/default/production/_ext/1171490990/exceptions.o
 .comment       0x000000000000002b       0x2c build/default/production/_ext/1171490990/startup_xc32.o
 .comment       0x000000000000002b       0x2c build/default/production/_ext/1360937237/main.o
 .comment       0x000000000000002b       0x2c build/default/production/_ext/829342655/plib_tc0.o
 .comment       0x000000000000002b       0x2c build/default/production/_ext/60163342/plib_adc0.o
 .comment       0x000000000000002b       0x2c c:/program files/microchip/xc32/v4.45/bin/bin/../../lib/gcc/pic32c/8.3.1/../../../../pic32c/lib/thumb/v6-m/nofp\libpic32c.a(data_init.o)
 .comment       0x000000000000002b       0x2c c:/program files/microchip/xc32/v4.45/bin/bin/../../lib/gcc/pic32c/8.3.1/../../../../pic32c/lib/thumb/v6-m/nofp\libc-musl.a(__libc_start_main.o)
 .comment       0x000000000000002b       0x2c c:/program files/microchip/xc32/v4.45/bin/bin/../../lib/gcc/pic32c/8.3.1/../../../../pic32c/lib/thumb/v6-m/nofp\libc-musl.a(libc.o)
 .comment       0x000000000000002b       0x2c c:/program files/microchip/xc32/v4.45/bin/bin/../../lib/gcc/pic32c/8.3.1/../../../../pic32c/lib/thumb/v6-m/nofp\libc-musl.a(__environ.o)
 .comment       0x000000000000002b       0x2c c:/program files/microchip/xc32/v4.45/bin/bin/../../lib/gcc/pic32c/8.3.1/../../../../pic32c/lib/thumb/v6-m/nofp\libpic32c.a(pic32_data_init_clear.o)
 .comment       0x000000000000002b       0x2c c:/program files/microchip/xc32/v4.45/bin/bin/../../lib/gcc/pic32c/8.3.1/../../../../pic32c/lib/thumb/v6-m/nofp\libpic32c.a(pic32_data_init_copy.o)

.debug_info     0x0000000000000000     0x5e0d
 .debug_info    0x0000000000000000      0x732 build/default/production/_ext/1984496892/plib_clock.o
 .debug_info    0x0000000000000732      0xbed build/default/production/_ext/1865161661/plib_dmac.o
 .debug_info    0x000000000000131f      0x343 build/default/production/_ext/60167341/plib_eic.o
 .debug_info    0x0000000000001662      0x6ab build/default/production/_ext/1865468468/plib_nvic.o
 .debug_info    0x0000000000001d0d      0x714 build/default/production/_ext/1593096446/plib_nvmctrl.o
 .debug_info    0x0000000000002421      0x630 build/default/production/_ext/1865521619/plib_port.o
 .debug_info    0x0000000000002a51      0x74b build/default/production/_ext/60180175/plib_rtc_timer.o
 .debug_info    0x000000000000319c      0x626 build/default/production/_ext/60181570/plib_tcc0.o
 .debug_info    0x00000000000037c2      0x2d0 build/default/production/_ext/1171490990/initialization.o
 .debug_info    0x0000000000003a92      0x3af build/default/production/_ext/1171490990/interrupts.o
 .debug_info    0x0000000000003e41       0xba build/default/production/_ext/1171490990/exceptions.o
 .debug_info    0x0000000000003efb      0x205 build/default/production/_ext/1171490990/startup_xc32.o
 .debug_info    0x0000000000004100      0x698 build/default/production/_ext/1360937237/main.o
 .debug_info    0x0000000000004798      0x82e build/default/production/_ext/829342655/plib_tc0.o
 .debug_info    0x0000000000004fc6      0x76c build/default/production/_ext/60163342/plib_adc0.o
 .debug_info    0x0000000000005732       0x54 c:/program files/microchip/xc32/v4.45/bin/bin/../../lib/gcc/pic32c/8.3.1/../../../../pic32c/lib/thumb/v6-m/nofp\libpic32c.a(data_init.o)
 .debug_info    0x0000000000005786      0x2fb c:/program files/microchip/xc32/v4.45/bin/bin/../../lib/gcc/pic32c/8.3.1/../../../../pic32c/lib/thumb/v6-m/nofp\libc-musl.a(__libc_start_main.o)
 .debug_info    0x0000000000005a81      0x276 c:/program files/microchip/xc32/v4.45/bin/bin/../../lib/gcc/pic32c/8.3.1/../../../../pic32c/lib/thumb/v6-m/nofp\libc-musl.a(libc.o)
 .debug_info    0x0000000000005cf7       0x97 c:/program files/microchip/xc32/v4.45/bin/bin/../../lib/gcc/pic32c/8.3.1/../../../../pic32c/lib/thumb/v6-m/nofp\libc-musl.a(__environ.o)
 .debug_info    0x0000000000005d8e       0x3f c:/program files/microchip/xc32/v4.45/bin/bin/../../lib/gcc/pic32c/8.3.1/../../../../pic32c/lib/thumb/v6-m/nofp\libpic32c.a(pic32_data_init_clear.o)
 .debug_info    0x0000000000005dcd       0x40 c:/program files/microchip/xc32/v4.45/bin/bin/../../lib/gcc/pic32c/8.3.1/../../../../pic32c/lib/thumb/v6-m/nofp\libpic32c.a(pic32_data_init_copy.o)

.debug_abbrev   0x0000000000000000     0x1b4f
 .debug_abbrev  0x0000000000000000      0x14e build/default/production/_ext/1984496892/plib_clock.o
 .debug_abbrev  0x000000000000014e      0x2d7 build/default/production/_ext/1865161661/plib_dmac.o
 .debug_abbrev  0x0000000000000425      0x195 build/default/production/_ext/60167341/plib_eic.o
 .debug_abbrev  0x00000000000005ba      0x208 build/default/production/_ext/1865468468/plib_nvic.o
 .debug_abbrev  0x00000000000007c2      0x1f2 build/default/production/_ext/1593096446/plib_nvmctrl.o
 .debug_abbrev  0x00000000000009b4      0x1be build/default/production/_ext/1865521619/plib_port.o
 .debug_abbrev  0x0000000000000b72      0x1a2 build/default/production/_ext/60180175/plib_rtc_timer.o
 .debug_abbrev  0x0000000000000d14      0x256 build/default/production/_ext/60181570/plib_tcc0.o
 .debug_abbrev  0x0000000000000f6a       0xf4 build/default/production/_ext/1171490990/initialization.o
 .debug_abbrev  0x000000000000105e       0xc0 build/default/production/_ext/1171490990/interrupts.o
 .debug_abbrev  0x000000000000111e       0x49 build/default/production/_ext/1171490990/exceptions.o
 .debug_abbrev  0x0000000000001167      0x118 build/default/production/_ext/1171490990/startup_xc32.o
 .debug_abbrev  0x000000000000127f      0x150 build/default/production/_ext/1360937237/main.o
 .debug_abbrev  0x00000000000013cf      0x206 build/default/production/_ext/829342655/plib_tc0.o
 .debug_abbrev  0x00000000000015d5      0x271 build/default/production/_ext/60163342/plib_adc0.o
 .debug_abbrev  0x0000000000001846       0x44 c:/program files/microchip/xc32/v4.45/bin/bin/../../lib/gcc/pic32c/8.3.1/../../../../pic32c/lib/thumb/v6-m/nofp\libpic32c.a(data_init.o)
 .debug_abbrev  0x000000000000188a      0x133 c:/program files/microchip/xc32/v4.45/bin/bin/../../lib/gcc/pic32c/8.3.1/../../../../pic32c/lib/thumb/v6-m/nofp\libc-musl.a(__libc_start_main.o)
 .debug_abbrev  0x00000000000019bd       0xd4 c:/program files/microchip/xc32/v4.45/bin/bin/../../lib/gcc/pic32c/8.3.1/../../../../pic32c/lib/thumb/v6-m/nofp\libc-musl.a(libc.o)
 .debug_abbrev  0x0000000000001a91       0x62 c:/program files/microchip/xc32/v4.45/bin/bin/../../lib/gcc/pic32c/8.3.1/../../../../pic32c/lib/thumb/v6-m/nofp\libc-musl.a(__environ.o)
 .debug_abbrev  0x0000000000001af3       0x2e c:/program files/microchip/xc32/v4.45/bin/bin/../../lib/gcc/pic32c/8.3.1/../../../../pic32c/lib/thumb/v6-m/nofp\libpic32c.a(pic32_data_init_clear.o)
 .debug_abbrev  0x0000000000001b21       0x2e c:/program files/microchip/xc32/v4.45/bin/bin/../../lib/gcc/pic32c/8.3.1/../../../../pic32c/lib/thumb/v6-m/nofp\libpic32c.a(pic32_data_init_copy.o)

.debug_loc      0x0000000000000000     0x1de6
 .debug_loc     0x0000000000000000      0x13e build/default/production/_ext/1984496892/plib_clock.o
 .debug_loc     0x000000000000013e      0xb10 build/default/production/_ext/1865161661/plib_dmac.o
 .debug_loc     0x0000000000000c4e      0x11e build/default/production/_ext/60167341/plib_eic.o
 .debug_loc     0x0000000000000d6c      0x114 build/default/production/_ext/1865468468/plib_nvic.o
 .debug_loc     0x0000000000000e80      0x685 build/default/production/_ext/1593096446/plib_nvmctrl.o
 .debug_loc     0x0000000000001505      0x226 build/default/production/_ext/1865521619/plib_port.o
 .debug_loc     0x000000000000172b       0x94 build/default/production/_ext/60180175/plib_rtc_timer.o
 .debug_loc     0x00000000000017bf      0x175 build/default/production/_ext/60181570/plib_tcc0.o
 .debug_loc     0x0000000000001934       0x45 build/default/production/_ext/1171490990/initialization.o
 .debug_loc     0x0000000000001979       0x20 build/default/production/_ext/1171490990/startup_xc32.o
 .debug_loc     0x0000000000001999       0xbb build/default/production/_ext/1360937237/main.o
 .debug_loc     0x0000000000001a54       0x5a build/default/production/_ext/829342655/plib_tc0.o
 .debug_loc     0x0000000000001aae      0x2b2 build/default/production/_ext/60163342/plib_adc0.o
 .debug_loc     0x0000000000001d60       0x14 c:/program files/microchip/xc32/v4.45/bin/bin/../../lib/gcc/pic32c/8.3.1/../../../../pic32c/lib/thumb/v6-m/nofp\libpic32c.a(data_init.o)
 .debug_loc     0x0000000000001d74       0x5e c:/program files/microchip/xc32/v4.45/bin/bin/../../lib/gcc/pic32c/8.3.1/../../../../pic32c/lib/thumb/v6-m/nofp\libc-musl.a(__libc_start_main.o)
 .debug_loc     0x0000000000001dd2       0x14 c:/program files/microchip/xc32/v4.45/bin/bin/../../lib/gcc/pic32c/8.3.1/../../../../pic32c/lib/thumb/v6-m/nofp\libpic32c.a(pic32_data_init_copy.o)

.debug_aranges  0x0000000000000000      0x5e0
 .debug_aranges
                0x0000000000000000       0x20 build/default/production/_ext/1984496892/plib_clock.o
 .debug_aranges
                0x0000000000000020       0x98 build/default/production/_ext/1865161661/plib_dmac.o
 .debug_aranges
                0x00000000000000b8       0x40 build/default/production/_ext/60167341/plib_eic.o
 .debug_aranges
                0x00000000000000f8       0x38 build/default/production/_ext/1865468468/plib_nvic.o
 .debug_aranges
                0x0000000000000130       0xa8 build/default/production/_ext/1593096446/plib_nvmctrl.o
 .debug_aranges
                0x00000000000001d8       0x70 build/default/production/_ext/1865521619/plib_port.o
 .debug_aranges
                0x0000000000000248       0x88 build/default/production/_ext/60180175/plib_rtc_timer.o
 .debug_aranges
                0x00000000000002d0       0x88 build/default/production/_ext/60181570/plib_tcc0.o
 .debug_aranges
                0x0000000000000358       0x20 build/default/production/_ext/1171490990/initialization.o
 .debug_aranges
                0x0000000000000378       0x20 build/default/production/_ext/1171490990/interrupts.o
 .debug_aranges
                0x0000000000000398       0x28 build/default/production/_ext/1171490990/exceptions.o
 .debug_aranges
                0x00000000000003c0       0x28 build/default/production/_ext/1171490990/startup_xc32.o
 .debug_aranges
                0x00000000000003e8       0x38 build/default/production/_ext/1360937237/main.o
 .debug_aranges
                0x0000000000000420       0x70 build/default/production/_ext/829342655/plib_tc0.o
 .debug_aranges
                0x0000000000000490       0x90 build/default/production/_ext/60163342/plib_adc0.o
 .debug_aranges
                0x0000000000000520       0x28 c:/program files/microchip/xc32/v4.45/bin/bin/../../lib/gcc/pic32c/8.3.1/../../../../pic32c/lib/thumb/v6-m/nofp\libpic32c.a(data_init.o)
 .debug_aranges
                0x0000000000000548       0x28 c:/program files/microchip/xc32/v4.45/bin/bin/../../lib/gcc/pic32c/8.3.1/../../../../pic32c/lib/thumb/v6-m/nofp\libc-musl.a(__libc_start_main.o)
 .debug_aranges
                0x0000000000000570       0x18 c:/program files/microchip/xc32/v4.45/bin/bin/../../lib/gcc/pic32c/8.3.1/../../../../pic32c/lib/thumb/v6-m/nofp\libc-musl.a(libc.o)
 .debug_aranges
                0x0000000000000588       0x18 c:/program files/microchip/xc32/v4.45/bin/bin/../../lib/gcc/pic32c/8.3.1/../../../../pic32c/lib/thumb/v6-m/nofp\libc-musl.a(__environ.o)
 .debug_aranges
                0x00000000000005a0       0x20 c:/program files/microchip/xc32/v4.45/bin/bin/../../lib/gcc/pic32c/8.3.1/../../../../pic32c/lib/thumb/v6-m/nofp\libpic32c.a(pic32_data_init_clear.o)
 .debug_aranges
                0x00000000000005c0       0x20 c:/program files/microchip/xc32/v4.45/bin/bin/../../lib/gcc/pic32c/8.3.1/../../../../pic32c/lib/thumb/v6-m/nofp\libpic32c.a(pic32_data_init_copy.o)

.debug_ranges   0x0000000000000000      0x4b0
 .debug_ranges  0x0000000000000000       0x10 build/default/production/_ext/1984496892/plib_clock.o
 .debug_ranges  0x0000000000000010       0xa0 build/default/production/_ext/1865161661/plib_dmac.o
 .debug_ranges  0x00000000000000b0       0x30 build/default/production/_ext/60167341/plib_eic.o
 .debug_ranges  0x00000000000000e0       0x28 build/default/production/_ext/1865468468/plib_nvic.o
 .debug_ranges  0x0000000000000108       0x98 build/default/production/_ext/1593096446/plib_nvmctrl.o
 .debug_ranges  0x00000000000001a0       0x60 build/default/production/_ext/1865521619/plib_port.o
 .debug_ranges  0x0000000000000200       0x78 build/default/production/_ext/60180175/plib_rtc_timer.o
 .debug_ranges  0x0000000000000278       0x78 build/default/production/_ext/60181570/plib_tcc0.o
 .debug_ranges  0x00000000000002f0       0x10 build/default/production/_ext/1171490990/initialization.o
 .debug_ranges  0x0000000000000300       0x10 build/default/production/_ext/1171490990/interrupts.o
 .debug_ranges  0x0000000000000310       0x18 build/default/production/_ext/1171490990/exceptions.o
 .debug_ranges  0x0000000000000328       0x18 build/default/production/_ext/1171490990/startup_xc32.o
 .debug_ranges  0x0000000000000340       0x28 build/default/production/_ext/1360937237/main.o
 .debug_ranges  0x0000000000000368       0x60 build/default/production/_ext/829342655/plib_tc0.o
 .debug_ranges  0x00000000000003c8       0x80 build/default/production/_ext/60163342/plib_adc0.o
 .debug_ranges  0x0000000000000448       0x18 c:/program files/microchip/xc32/v4.45/bin/bin/../../lib/gcc/pic32c/8.3.1/../../../../pic32c/lib/thumb/v6-m/nofp\libpic32c.a(data_init.o)
 .debug_ranges  0x0000000000000460       0x30 c:/program files/microchip/xc32/v4.45/bin/bin/../../lib/gcc/pic32c/8.3.1/../../../../pic32c/lib/thumb/v6-m/nofp\libc-musl.a(__libc_start_main.o)
 .debug_ranges  0x0000000000000490       0x10 c:/program files/microchip/xc32/v4.45/bin/bin/../../lib/gcc/pic32c/8.3.1/../../../../pic32c/lib/thumb/v6-m/nofp\libpic32c.a(pic32_data_init_clear.o)
 .debug_ranges  0x00000000000004a0       0x10 c:/program files/microchip/xc32/v4.45/bin/bin/../../lib/gcc/pic32c/8.3.1/../../../../pic32c/lib/thumb/v6-m/nofp\libpic32c.a(pic32_data_init_copy.o)

.debug_line     0x0000000000000000     0x3227
 .debug_line    0x0000000000000000      0x228 build/default/production/_ext/1984496892/plib_clock.o
 .debug_line    0x0000000000000228      0x6e2 build/default/production/_ext/1865161661/plib_dmac.o
 .debug_line    0x000000000000090a      0x2b4 build/default/production/_ext/60167341/plib_eic.o
 .debug_line    0x0000000000000bbe      0x334 build/default/production/_ext/1865468468/plib_nvic.o
 .debug_line    0x0000000000000ef2      0x486 build/default/production/_ext/1593096446/plib_nvmctrl.o
 .debug_line    0x0000000000001378      0x300 build/default/production/_ext/1865521619/plib_port.o
 .debug_line    0x0000000000001678      0x3c5 build/default/production/_ext/60180175/plib_rtc_timer.o
 .debug_line    0x0000000000001a3d      0x46e build/default/production/_ext/60181570/plib_tcc0.o
 .debug_line    0x0000000000001eab      0x26f build/default/production/_ext/1171490990/initialization.o
 .debug_line    0x000000000000211a       0xba build/default/production/_ext/1171490990/interrupts.o
 .debug_line    0x00000000000021d4       0x6e build/default/production/_ext/1171490990/exceptions.o
 .debug_line    0x0000000000002242      0x157 build/default/production/_ext/1171490990/startup_xc32.o
 .debug_line    0x0000000000002399      0x2b0 build/default/production/_ext/1360937237/main.o
 .debug_line    0x0000000000002649      0x31d build/default/production/_ext/829342655/plib_tc0.o
 .debug_line    0x0000000000002966      0x3d0 build/default/production/_ext/60163342/plib_adc0.o
 .debug_line    0x0000000000002d36       0x8e c:/program files/microchip/xc32/v4.45/bin/bin/../../lib/gcc/pic32c/8.3.1/../../../../pic32c/lib/thumb/v6-m/nofp\libpic32c.a(data_init.o)
 .debug_line    0x0000000000002dc4      0x1bc c:/program files/microchip/xc32/v4.45/bin/bin/../../lib/gcc/pic32c/8.3.1/../../../../pic32c/lib/thumb/v6-m/nofp\libc-musl.a(__libc_start_main.o)
 .debug_line    0x0000000000002f80       0xb5 c:/program files/microchip/xc32/v4.45/bin/bin/../../lib/gcc/pic32c/8.3.1/../../../../pic32c/lib/thumb/v6-m/nofp\libc-musl.a(libc.o)
 .debug_line    0x0000000000003035       0xfb c:/program files/microchip/xc32/v4.45/bin/bin/../../lib/gcc/pic32c/8.3.1/../../../../pic32c/lib/thumb/v6-m/nofp\libc-musl.a(__environ.o)
 .debug_line    0x0000000000003130       0x6f c:/program files/microchip/xc32/v4.45/bin/bin/../../lib/gcc/pic32c/8.3.1/../../../../pic32c/lib/thumb/v6-m/nofp\libpic32c.a(pic32_data_init_clear.o)
 .debug_line    0x000000000000319f       0x88 c:/program files/microchip/xc32/v4.45/bin/bin/../../lib/gcc/pic32c/8.3.1/../../../../pic32c/lib/thumb/v6-m/nofp\libpic32c.a(pic32_data_init_copy.o)

.debug_str      0x0000000000000000     0x6801
 .debug_str     0x0000000000000000      0x701 build/default/production/_ext/1984496892/plib_clock.o
 .debug_str     0x0000000000000701      0x907 build/default/production/_ext/1865161661/plib_dmac.o
 .debug_str     0x0000000000001008      0x460 build/default/production/_ext/60167341/plib_eic.o
 .debug_str     0x0000000000001468      0x5de build/default/production/_ext/1865468468/plib_nvic.o
 .debug_str     0x0000000000001a46      0x5e2 build/default/production/_ext/1593096446/plib_nvmctrl.o
 .debug_str     0x0000000000002028      0x746 build/default/production/_ext/1865521619/plib_port.o
 .debug_str     0x000000000000276e      0x5fd build/default/production/_ext/60180175/plib_rtc_timer.o
 .debug_str     0x0000000000002d6b      0x62a build/default/production/_ext/60181570/plib_tcc0.o
 .debug_str     0x0000000000003395      0x454 build/default/production/_ext/1171490990/initialization.o
 .debug_str     0x00000000000037e9      0x5f0 build/default/production/_ext/1171490990/interrupts.o
 .debug_str     0x0000000000003dd9      0x2f7 build/default/production/_ext/1171490990/exceptions.o
 .debug_str     0x00000000000040d0      0x363 build/default/production/_ext/1171490990/startup_xc32.o
 .debug_str     0x0000000000004433      0x5df build/default/production/_ext/1360937237/main.o
 .debug_str     0x0000000000004a12      0x62b build/default/production/_ext/829342655/plib_tc0.o
 .debug_str     0x000000000000503d      0x8fd build/default/production/_ext/60163342/plib_adc0.o
 .debug_str     0x000000000000593a      0x1eb c:/program files/microchip/xc32/v4.45/bin/bin/../../lib/gcc/pic32c/8.3.1/../../../../pic32c/lib/thumb/v6-m/nofp\libpic32c.a(data_init.o)
 .debug_str     0x0000000000005b25      0x3ca c:/program files/microchip/xc32/v4.45/bin/bin/../../lib/gcc/pic32c/8.3.1/../../../../pic32c/lib/thumb/v6-m/nofp\libc-musl.a(__libc_start_main.o)
 .debug_str     0x0000000000005eef      0x335 c:/program files/microchip/xc32/v4.45/bin/bin/../../lib/gcc/pic32c/8.3.1/../../../../pic32c/lib/thumb/v6-m/nofp\libc-musl.a(libc.o)
 .debug_str     0x0000000000006224      0x235 c:/program files/microchip/xc32/v4.45/bin/bin/../../lib/gcc/pic32c/8.3.1/../../../../pic32c/lib/thumb/v6-m/nofp\libc-musl.a(__environ.o)
 .debug_str     0x0000000000006459      0x1d5 c:/program files/microchip/xc32/v4.45/bin/bin/../../lib/gcc/pic32c/8.3.1/../../../../pic32c/lib/thumb/v6-m/nofp\libpic32c.a(pic32_data_init_clear.o)
 .debug_str     0x000000000000662e      0x1d3 c:/program files/microchip/xc32/v4.45/bin/bin/../../lib/gcc/pic32c/8.3.1/../../../../pic32c/lib/thumb/v6-m/nofp\libpic32c.a(pic32_data_init_copy.o)

.debug_frame    0x0000000000000000      0xa3c
 .debug_frame   0x0000000000000000       0x20 build/default/production/_ext/1984496892/plib_clock.o
 .debug_frame   0x0000000000000020      0x180 build/default/production/_ext/1865161661/plib_dmac.o
 .debug_frame   0x00000000000001a0       0x84 build/default/production/_ext/60167341/plib_eic.o
 .debug_frame   0x0000000000000224       0x5c build/default/production/_ext/1865468468/plib_nvic.o
 .debug_frame   0x0000000000000280      0x15c build/default/production/_ext/1593096446/plib_nvmctrl.o
 .debug_frame   0x00000000000003dc       0xcc build/default/production/_ext/1865521619/plib_port.o
 .debug_frame   0x00000000000004a8       0xf8 build/default/production/_ext/60180175/plib_rtc_timer.o
 .debug_frame   0x00000000000005a0       0xf8 build/default/production/_ext/60181570/plib_tcc0.o
 .debug_frame   0x0000000000000698       0x28 build/default/production/_ext/1171490990/initialization.o
 .debug_frame   0x00000000000006c0       0x20 build/default/production/_ext/1171490990/interrupts.o
 .debug_frame   0x00000000000006e0       0x30 build/default/production/_ext/1171490990/exceptions.o
 .debug_frame   0x0000000000000710       0x38 build/default/production/_ext/1171490990/startup_xc32.o
 .debug_frame   0x0000000000000748       0x6c build/default/production/_ext/1360937237/main.o
 .debug_frame   0x00000000000007b4       0xc8 build/default/production/_ext/829342655/plib_tc0.o
 .debug_frame   0x000000000000087c      0x108 build/default/production/_ext/60163342/plib_adc0.o
 .debug_frame   0x0000000000000984       0x38 c:/program files/microchip/xc32/v4.45/bin/bin/../../lib/gcc/pic32c/8.3.1/../../../../pic32c/lib/thumb/v6-m/nofp\libpic32c.a(data_init.o)
 .debug_frame   0x00000000000009bc       0x38 c:/program files/microchip/xc32/v4.45/bin/bin/../../lib/gcc/pic32c/8.3.1/../../../../pic32c/lib/thumb/v6-m/nofp\libc-musl.a(__libc_start_main.o)
 .debug_frame   0x00000000000009f4       0x20 c:/program files/microchip/xc32/v4.45/bin/bin/../../lib/gcc/pic32c/8.3.1/../../../../pic32c/lib/thumb/v6-m/nofp\libpic32c.a(pic32_data_init_clear.o)
 .debug_frame   0x0000000000000a14       0x28 c:/program files/microchip/xc32/v4.45/bin/bin/../../lib/gcc/pic32c/8.3.1/../../../../pic32c/lib/thumb/v6-m/nofp\libpic32c.a(pic32_data_init_copy.o)

.note.GNU-stack
                0x0000000000000000        0x0
 .note.GNU-stack
                0x0000000000000000        0x0 c:/program files/microchip/xc32/v4.45/bin/bin/../../lib/gcc/pic32c/8.3.1/../../../../pic32c/lib/thumb/v6-m/nofp\libc-musl.a(__libc_start_main.o)
 .note.GNU-stack
                0x0000000000000000        0x0 c:/program files/microchip/xc32/v4.45/bin/bin/../../lib/gcc/pic32c/8.3.1/../../../../pic32c/lib/thumb/v6-m/nofp\libc-musl.a(libc.o)
 .note.GNU-stack
                0x0000000000000000        0x0 c:/program files/microchip/xc32/v4.45/bin/bin/../../lib/gcc/pic32c/8.3.1/../../../../pic32c/lib/thumb/v6-m/nofp\libc-musl.a(__environ.o)

.stack          0x00000000200003a0      0x100
 .stack         0x00000000200003a0      0x100 stack

.bss.eicCallbackObject%1
                0x0000000020000000       0xc0
 .bss.eicCallbackObject
                0x0000000020000000       0xc0 build/default/production/_ext/60167341/plib_eic.o

.bss%2          0x00000000200000c0       0x50
 .bss           0x00000000200000c0       0x50 c:/program files/microchip/xc32/v4.45/bin/bin/../../lib/gcc/pic32c/8.3.1/../../../../pic32c/lib/thumb/v6-m/nofp\libc-musl.a(libc.o)
                0x00000000200000c0                __progname_full
                0x00000000200000c0                program_invocation_name
                0x00000000200000c4                program_invocation_short_name
                0x00000000200000c4                __progname
                0x00000000200000c8                __sysinfo
                0x00000000200000cc                __hwcap
                0x00000000200000d0                __libc

.bss%3          0x0000000020000110       0x1c
 .bss           0x0000000020000110       0x1c c:/program files/microchip/xc32/v4.45/bin/bin/../../lib/gcc/pic32c/8.3.1/thumb/v6-m/nofp/crtbegin.o

.bss.dmacChannelObj%4
                0x000000002000012c       0x10
 .bss.dmacChannelObj
                0x000000002000012c       0x10 build/default/production/_ext/1865161661/plib_dmac.o

.bss.control_values%5
                0x0000000020000140       0x10
 .bss.control_values
                0x0000000020000140       0x10 build/default/production/_ext/1360937237/main.o
                0x0000000020000140                control_values

.bss.rtcObj%6   0x0000000020000150        0xc
 .bss.rtcObj    0x0000000020000150        0xc build/default/production/_ext/60180175/plib_rtc_timer.o

.bss.TCC0_CallbackObj%7
                0x000000002000015c        0x8
 .bss.TCC0_CallbackObj
                0x000000002000015c        0x8 build/default/production/_ext/60181570/plib_tcc0.o

.bss.TC0_CallbackObject%8
                0x0000000020000164        0x8
 .bss.TC0_CallbackObject
                0x0000000020000164        0x8 build/default/production/_ext/829342655/plib_tc0.o

.bss.ADC0_CallbackObject%9
                0x000000002000016c        0x8
 .bss.ADC0_CallbackObject
                0x000000002000016c        0x8 build/default/production/_ext/60163342/plib_adc0.o

.bss.conv_values%10
                0x000000002000013c        0x4
 .bss.conv_values
                0x000000002000013c        0x4 build/default/production/_ext/1360937237/main.o
                0x000000002000013c                conv_values

.bss.seq_counter%11
                0x0000000020000174        0x4
 .bss.seq_counter
                0x0000000020000174        0x4 build/default/production/_ext/1360937237/main.o
                0x0000000020000174                seq_counter

.bss%12         0x0000000020000178        0x4
 .bss           0x0000000020000178        0x4 c:/program files/microchip/xc32/v4.45/bin/bin/../../lib/gcc/pic32c/8.3.1/../../../../pic32c/lib/thumb/v6-m/nofp\libpic32c.a(data_init.o)

.bss%13         0x000000002000017c        0x4
 .bss           0x000000002000017c        0x4 c:/program files/microchip/xc32/v4.45/bin/bin/../../lib/gcc/pic32c/8.3.1/../../../../pic32c/lib/thumb/v6-m/nofp\libc-musl.a(__environ.o)
                0x000000002000017c                __environ
                0x000000002000017c                environ
                0x000000002000017c                ___environ
                0x000000002000017c                _environ

.eh_frame%z1    0x0000000000000000        0x0
 .eh_frame      0x0000000000000000        0x0 c:/program files/microchip/xc32/v4.45/bin/bin/../../lib/gcc/pic32c/8.3.1/thumb/v6-m/nofp/crtbegin.o

.config_00804000.__config_00804000%14
                0x0000000000804000        0x4
 .config_00804000.__config_00804000
                0x0000000000804000        0x4 build/default/production/_ext/1171490990/initialization.o
                0x0000000000804000                __config_00804000

.config_00804004.__config_00804004%15
                0x0000000000804004        0x4
 .config_00804004.__config_00804004
                0x0000000000804004        0x4 build/default/production/_ext/1171490990/initialization.o
                0x0000000000804004                __config_00804004

.text.__aeabi_dmul_aux%16
                0x00000000000000cc      0x18a
 .text.__aeabi_dmul_aux
                0x00000000000000cc      0x18a c:/program files/microchip/xc32/v4.45/bin/bin/../../lib/gcc/pic32c/8.3.1/../../../../pic32c/lib/thumb/v6-m/nofp\libm-fast-emfloat.a(__aeabi_dmul_aux.o)
                0x00000000000000cc                __aeabi_dmul_aux
                0x0000000000000104                __aeabi_dmul

.text.ADC0_ISR%17
                0x0000000000000258       0xdc
 .text.ADC0_ISR
                0x0000000000000258       0xdc build/default/production/_ext/1360937237/main.o
                0x0000000000000258                ADC0_ISR

.text.__aeabi_ddiv%18
                0x0000000000000334       0xc4
 .text.__aeabi_ddiv
                0x0000000000000334       0xc4 c:/program files/microchip/xc32/v4.45/bin/bin/../../lib/gcc/pic32c/8.3.1/../../../../pic32c/lib/thumb/v6-m/nofp\libm-fast-emfloat.a(__aeabi_ddiv.o)
                0x0000000000000334                __aeabi_ddiv

.text.TCC0_PWMInitialize%19
                0x00000000000003f8       0xa4
 .text.TCC0_PWMInitialize
                0x00000000000003f8       0xa4 build/default/production/_ext/60181570/plib_tcc0.o
                0x00000000000003f8                TCC0_PWMInitialize

.text.CLOCK_Initialize%20
                0x000000000000049c       0x9c
 .text.CLOCK_Initialize
                0x000000000000049c       0x9c build/default/production/_ext/1984496892/plib_clock.o
                0x000000000000049c                CLOCK_Initialize

.dinit%21       0x0000000000000538       0x90
 .dinit         0x0000000000000538       0x90 data_init

.text.DMAC_InterruptHandler%22
                0x00000000000005c8       0x7c
 .text.DMAC_InterruptHandler
                0x00000000000005c8       0x7c build/default/production/_ext/1865161661/plib_dmac.o
                0x00000000000005c8                DMAC_InterruptHandler

.text.EIC_InterruptHandler%23
                0x0000000000000644       0x60
 .text.EIC_InterruptHandler
                0x0000000000000644       0x60 build/default/production/_ext/60167341/plib_eic.o
                0x0000000000000644                EIC_InterruptHandler

.text.__libc_start_init%24
                0x00000000000006a4       0x5c
 .text.__libc_start_init
                0x00000000000006a4       0x5c c:/program files/microchip/xc32/v4.45/bin/bin/../../lib/gcc/pic32c/8.3.1/../../../../pic32c/lib/thumb/v6-m/nofp\libc-musl.a(__libc_start_main.o)
                0x00000000000006a4                __libc_init_array

.text.PORT_Initialize%25
                0x0000000000000700       0x54
 .text.PORT_Initialize
                0x0000000000000700       0x54 build/default/production/_ext/1865521619/plib_port.o
                0x0000000000000700                PORT_Initialize

.text.NVIC_Initialize%26
                0x0000000000000754       0x50
 .text.NVIC_Initialize
                0x0000000000000754       0x50 build/default/production/_ext/1865468468/plib_nvic.o
                0x0000000000000754                NVIC_Initialize

.text.ADC0_Initialize%27
                0x00000000000007a4       0x4c
 .text.ADC0_Initialize
                0x00000000000007a4       0x4c build/default/production/_ext/60163342/plib_adc0.o
                0x00000000000007a4                ADC0_Initialize

.text%28        0x00000000000007f0       0x48
 .text          0x00000000000007f0       0x48 c:/program files/microchip/xc32/v4.45/bin/bin/../../lib/gcc/pic32c/8.3.1/thumb/v6-m/nofp/crtbegin.o

.text.Reset_Handler%29
                0x0000000000000838       0x48
 .text.Reset_Handler
                0x0000000000000838       0x48 build/default/production/_ext/1171490990/startup_xc32.o
                0x0000000000000838                Reset_Handler

.text.__aeabi_dcmpgt%30
                0x0000000000000880       0x3e
 .text.__aeabi_dcmpgt
                0x0000000000000880       0x3e c:/program files/microchip/xc32/v4.45/bin/bin/../../lib/gcc/pic32c/8.3.1/../../../../pic32c/lib/thumb/v6-m/nofp\libm-fast-emfloat.a(__aeabi_dcmpgt.o)
                0x0000000000000880                __aeabi_dcmpgt

.text.main%31   0x00000000000008c0       0x3c
 .text.main     0x00000000000008c0       0x3c build/default/production/_ext/1360937237/main.o
                0x00000000000008c0                main

.text.TC0_TimerInitialize%32
                0x00000000000008fc       0x34
 .text.TC0_TimerInitialize
                0x00000000000008fc       0x34 build/default/production/_ext/829342655/plib_tc0.o
                0x00000000000008fc                TC0_TimerInitialize

.text.__pic32c_data_initialization%33
                0x0000000000000930       0x34
 .text.__pic32c_data_initialization
                0x0000000000000930       0x34 c:/program files/microchip/xc32/v4.45/bin/bin/../../lib/gcc/pic32c/8.3.1/../../../../pic32c/lib/thumb/v6-m/nofp\libpic32c.a(data_init.o)
                0x0000000000000930                __pic32c_data_initialization

.text.RTC_InterruptHandler%34
                0x0000000000000964       0x30
 .text.RTC_InterruptHandler
                0x0000000000000964       0x30 build/default/production/_ext/60180175/plib_rtc_timer.o
                0x0000000000000964                RTC_InterruptHandler

.text.SYS_Initialize%35
                0x0000000000000994       0x2c
 .text.SYS_Initialize
                0x0000000000000994       0x2c build/default/production/_ext/1171490990/initialization.o
                0x0000000000000994                SYS_Initialize

.text.__dinit_copy%36
                0x00000000000009c0       0x1e
 .text.__dinit_copy
                0x00000000000009c0       0x1e c:/program files/microchip/xc32/v4.45/bin/bin/../../lib/gcc/pic32c/8.3.1/../../../../pic32c/lib/thumb/v6-m/nofp\libpic32c.a(pic32_data_init_copy.o)
                0x00000000000009c0                __dinit_copy_needed
                0x00000000000009c0                __dinit_copy

.text.TCC0_PWMStart%37
                0x00000000000009e0       0x1c
 .text.TCC0_PWMStart
                0x00000000000009e0       0x1c build/default/production/_ext/60181570/plib_tcc0.o
                0x00000000000009e0                TCC0_PWMStart

.text.TCC0_InterruptHandler%38
                0x00000000000009fc       0x1c
 .text.TCC0_InterruptHandler
                0x00000000000009fc       0x1c build/default/production/_ext/60181570/plib_tcc0.o
                0x00000000000009fc                TCC0_InterruptHandler

.text.TC0_TimerStart%39
                0x0000000000000a18       0x1c
 .text.TC0_TimerStart
                0x0000000000000a18       0x1c build/default/production/_ext/829342655/plib_tc0.o
                0x0000000000000a18                TC0_TimerStart

.text.TC0_TimerInterruptHandler%40
                0x0000000000000a34       0x1c
 .text.TC0_TimerInterruptHandler
                0x0000000000000a34       0x1c build/default/production/_ext/829342655/plib_tc0.o
                0x0000000000000a34                TC0_TimerInterruptHandler

.text.ADC0_Enable%41
                0x0000000000000a50       0x1c
 .text.ADC0_Enable
                0x0000000000000a50       0x1c build/default/production/_ext/60163342/plib_adc0.o
                0x0000000000000a50                ADC0_Enable

.text.ADC0_InterruptHandler%42
                0x0000000000000a6c       0x1c
 .text.ADC0_InterruptHandler
                0x0000000000000a6c       0x1c build/default/production/_ext/60163342/plib_adc0.o
                0x0000000000000a6c                ADC0_InterruptHandler

.text.__aeabi_i2d%43
                0x0000000000000a88       0x1c
 .text.__aeabi_i2d
                0x0000000000000a88       0x1c c:/program files/microchip/xc32/v4.45/bin/bin/../../lib/gcc/pic32c/8.3.1/../../../../pic32c/lib/thumb/v6-m/nofp\libm-fast-emfloat.a(__aeabi_i2d.o)
                0x0000000000000a88                __aeabi_i2d

.text.__aeabi_ui2d%44
                0x0000000000000aa4       0x1c
 .text.__aeabi_ui2d
                0x0000000000000aa4       0x1c c:/program files/microchip/xc32/v4.45/bin/bin/../../lib/gcc/pic32c/8.3.1/../../../../pic32c/lib/thumb/v6-m/nofp\libm-fast-emfloat.a(__aeabi_ui2d.o)
                0x0000000000000aa4                __aeabi_ui2d

.text.TCC0_ISR%45
                0x0000000000000ac0       0x18
 .text.TCC0_ISR
                0x0000000000000ac0       0x18 build/default/production/_ext/1360937237/main.o
                0x0000000000000ac0                TCC0_ISR

.rodata%46      0x0000000000000ad8       0x14
 .rodata        0x0000000000000ad8       0x14 c:/program files/microchip/xc32/v4.45/bin/bin/../../lib/gcc/pic32c/8.3.1/../../../../pic32c/lib/thumb/v6-m/nofp\libpic32c.a(data_init.o)

.text.__dinit_clear%47
                0x0000000000000aec       0x12
 .text.__dinit_clear
                0x0000000000000aec       0x12 c:/program files/microchip/xc32/v4.45/bin/bin/../../lib/gcc/pic32c/8.3.1/../../../../pic32c/lib/thumb/v6-m/nofp\libpic32c.a(pic32_data_init_clear.o)
                0x0000000000000aec                __dinit_clear
                0x0000000000000aec                __dinit_clear_needed

.text.NVMCTRL_Initialize%48
                0x0000000000000b00        0xc
 .text.NVMCTRL_Initialize
                0x0000000000000b00        0xc build/default/production/_ext/1593096446/plib_nvmctrl.o
                0x0000000000000b00                NVMCTRL_Initialize

.text.TCC0_PWMCallbackRegister%49
                0x0000000000000b0c        0xc
 .text.TCC0_PWMCallbackRegister
                0x0000000000000b0c        0xc build/default/production/_ext/60181570/plib_tcc0.o
                0x0000000000000b0c                TCC0_PWMCallbackRegister

.text.TC0_ISR%50
                0x0000000000000b18        0xc
 .text.TC0_ISR  0x0000000000000b18        0xc build/default/production/_ext/1360937237/main.o
                0x0000000000000b18                TC0_ISR

.text.TC0_TimerCallbackRegister%51
                0x0000000000000b24        0xc
 .text.TC0_TimerCallbackRegister
                0x0000000000000b24        0xc build/default/production/_ext/829342655/plib_tc0.o
                0x0000000000000b24                TC0_TimerCallbackRegister

.text.ADC0_CallbackRegister%52
                0x0000000000000b30        0xc
 .text.ADC0_CallbackRegister
                0x0000000000000b30        0xc build/default/production/_ext/60163342/plib_adc0.o
                0x0000000000000b30                ADC0_CallbackRegister

.text.__dummy_decompress%53
                0x0000000000000b3c        0x4
 .text.__dummy_decompress
                0x0000000000000b3c        0x4 c:/program files/microchip/xc32/v4.45/bin/bin/../../lib/gcc/pic32c/8.3.1/../../../../pic32c/lib/thumb/v6-m/nofp\libpic32c.a(data_init.o)
                0x0000000000000b3c                __dinit_decompress
                0x0000000000000b3c                __dinit_copy_val_data
                0x0000000000000b3c                __dinit_copy_emb

.text.Dummy_Handler%54
                0x0000000000000256        0x2
 .text.Dummy_Handler
                0x0000000000000256        0x2 build/default/production/_ext/1171490990/interrupts.o
                0x0000000000000256                SVCall_Handler
                0x0000000000000256                TC2_Handler
                0x0000000000000256                AC_Handler
                0x0000000000000256                SysTick_Handler
                0x0000000000000256                PendSV_Handler
                0x0000000000000256                SERCOM1_Handler
                0x0000000000000256                TCC1_Handler
                0x0000000000000256                SERCOM2_Handler
                0x0000000000000256                TCC0_Handler
                0x0000000000000256                ADC1_Handler
                0x0000000000000256                WDT_Handler
                0x0000000000000256                TC4_Handler
                0x0000000000000256                TC1_Handler
                0x0000000000000256                TC3_Handler
                0x0000000000000256                SDADC_Handler
                0x0000000000000256                Dummy_Handler
                0x0000000000000256                ADC0_Handler
                0x0000000000000256                TSENS_Handler
                0x0000000000000256                PDEC_Handler
                0x0000000000000256                TCC2_Handler
                0x0000000000000256                EVSYS_Handler
                0x0000000000000256                SERCOM3_Handler
                0x0000000000000256                NVMCTRL_Handler
                0x0000000000000256                SYSTEM_Handler
                0x0000000000000256                SERCOM0_Handler
                0x0000000000000256                DAC_Handler
                0x0000000000000256                FREQM_Handler
                0x0000000000000256                TC0_Handler

.text.NonMaskableInt_Handler%55
                0x00000000000008be        0x2
 .text.NonMaskableInt_Handler
                0x00000000000008be        0x2 build/default/production/_ext/1171490990/exceptions.o
                0x00000000000008be                NonMaskableInt_Handler

.text.HardFault_Handler%56
                0x00000000000009de        0x2
 .text.HardFault_Handler
                0x00000000000009de        0x2 build/default/production/_ext/1171490990/exceptions.o
                0x00000000000009de                HardFault_Handler

.text.Dummy_App_Func%57
                0x0000000000000afe        0x2
 .text.Dummy_App_Func
                0x0000000000000afe        0x2 build/default/production/_ext/1171490990/startup_xc32.o
                0x0000000000000afe                _on_reset
                0x0000000000000afe                _on_bootstrap
                0x0000000000000afe                __xc32_on_reset
                0x0000000000000afe                Dummy_App_Func
                0x0000000000000afe                __xc32_on_bootstrap

.text.__dummy%58
                0x0000000000000b40        0x2
 .text.__dummy  0x0000000000000b40        0x2 c:/program files/microchip/xc32/v4.45/bin/bin/../../lib/gcc/pic32c/8.3.1/../../../../pic32c/lib/thumb/v6-m/nofp\libc-musl.a(__libc_start_main.o)
                0x0000000000000b40                __init_stdio
                0x0000000000000b40                __init_host
