Archive member included to satisfy reference by file (symbol)

c:/program files/microchip/xc32/v4.45/bin/bin/../../lib/gcc/pic32c/8.3.1/../../../../pic32c/lib/thumb/v6-m/nofp\libpic32c.a(data_init.o)
                              build/default/production/_ext/1171490990/startup_xc32.o (__pic32c_data_initialization)
c:/program files/microchip/xc32/v4.45/bin/bin/../../lib/gcc/pic32c/8.3.1/../../../../pic32c/lib/thumb/v6-m/nofp\libc-size-musl.a(memcpy.o)
                              build/default/production/_ext/1593096446/plib_nvmctrl.o (memcpy)
c:/program files/microchip/xc32/v4.45/bin/bin/../../lib/gcc/pic32c/8.3.1/../../../../pic32c/lib/thumb/v6-m/nofp\libc-musl.a(__libc_start_main.o)
                              build/default/production/_ext/1171490990/startup_xc32.o (__libc_init_array)
c:/program files/microchip/xc32/v4.45/bin/bin/../../lib/gcc/pic32c/8.3.1/../../../../pic32c/lib/thumb/v6-m/nofp\libc-musl.a(libc.o)
                              c:/program files/microchip/xc32/v4.45/bin/bin/../../lib/gcc/pic32c/8.3.1/../../../../pic32c/lib/thumb/v6-m/nofp\libc-musl.a(__libc_start_main.o) (__progname_full)
c:/program files/microchip/xc32/v4.45/bin/bin/../../lib/gcc/pic32c/8.3.1/../../../../pic32c/lib/thumb/v6-m/nofp\libc-musl.a(__environ.o)
                              c:/program files/microchip/xc32/v4.45/bin/bin/../../lib/gcc/pic32c/8.3.1/../../../../pic32c/lib/thumb/v6-m/nofp\libc-musl.a(__libc_start_main.o) (__environ)
c:/program files/microchip/xc32/v4.45/bin/bin/../../lib/gcc/pic32c/8.3.1/thumb/v6-m/nofp\libgcc.a(_aeabi_uldivmod.o)
                              build/default/production/_ext/504274921/plib_sercom1_usart.o (__aeabi_uldivmod)
c:/program files/microchip/xc32/v4.45/bin/bin/../../lib/gcc/pic32c/8.3.1/thumb/v6-m/nofp\libgcc.a(_udivmoddi4.o)
                              c:/program files/microchip/xc32/v4.45/bin/bin/../../lib/gcc/pic32c/8.3.1/thumb/v6-m/nofp\libgcc.a(_aeabi_uldivmod.o) (__udivmoddi4)
c:/program files/microchip/xc32/v4.45/bin/bin/../../lib/gcc/pic32c/8.3.1/thumb/v6-m/nofp\libgcc.a(_dvmd_tls.o)
                              c:/program files/microchip/xc32/v4.45/bin/bin/../../lib/gcc/pic32c/8.3.1/thumb/v6-m/nofp\libgcc.a(_aeabi_uldivmod.o) (__aeabi_ldiv0)
c:/program files/microchip/xc32/v4.45/bin/bin/../../lib/gcc/pic32c/8.3.1/thumb/v6-m/nofp\libgcc.a(_lshrdi3.o)
                              c:/program files/microchip/xc32/v4.45/bin/bin/../../lib/gcc/pic32c/8.3.1/thumb/v6-m/nofp\libgcc.a(_udivmoddi4.o) (__aeabi_llsr)
c:/program files/microchip/xc32/v4.45/bin/bin/../../lib/gcc/pic32c/8.3.1/thumb/v6-m/nofp\libgcc.a(_ashldi3.o)
                              c:/program files/microchip/xc32/v4.45/bin/bin/../../lib/gcc/pic32c/8.3.1/thumb/v6-m/nofp\libgcc.a(_udivmoddi4.o) (__aeabi_llsl)
c:/program files/microchip/xc32/v4.45/bin/bin/../../lib/gcc/pic32c/8.3.1/thumb/v6-m/nofp\libgcc.a(_clzdi2.o)
                              c:/program files/microchip/xc32/v4.45/bin/bin/../../lib/gcc/pic32c/8.3.1/thumb/v6-m/nofp\libgcc.a(_udivmoddi4.o) (__clzdi2)
c:/program files/microchip/xc32/v4.45/bin/bin/../../lib/gcc/pic32c/8.3.1/thumb/v6-m/nofp\libgcc.a(_clzsi2.o)
                              c:/program files/microchip/xc32/v4.45/bin/bin/../../lib/gcc/pic32c/8.3.1/thumb/v6-m/nofp\libgcc.a(_clzdi2.o) (__clzsi2)
c:/program files/microchip/xc32/v4.45/bin/bin/../../lib/gcc/pic32c/8.3.1/../../../../pic32c/lib/thumb/v6-m/nofp\libpic32c.a(pic32_data_init_clear.o)
                              (__dinit_clear_needed)
c:/program files/microchip/xc32/v4.45/bin/bin/../../lib/gcc/pic32c/8.3.1/../../../../pic32c/lib/thumb/v6-m/nofp\libpic32c.a(pic32_data_init_copy.o)
                              (__dinit_copy_needed)

Microchip PIC32 Memory-Usage Report

ROM Program-Memory Usage
section                    address  length [bytes]      (dec)  Description
-------                 ----------  -------------------------  -----------
.vectors                         0           0xac         172   
.text                         0xac           0x20          32  App's exec code 
.text.TCC0_PWMInitializ       0xcc           0xa4         164   
.text.CLOCK_Initialize       0x170           0x90         144   
.text.DMAC_InterruptHan      0x200           0x7c         124   
.text.EIC_InterruptHand      0x27c           0x60          96   
.text.__libc_start_init      0x2dc           0x5c          92   
.dinit                       0x338           0x50          80   
.text                        0x388           0x48          72  App's exec code 
.text.Reset_Handler          0x3d0           0x48          72   
.text.PORT_Initialize        0x418           0x3c          60   
.text.__pic32c_data_ini      0x454           0x34          52   
.text.RTC_InterruptHand      0x488           0x30          48   
.text.NVIC_Initialize        0x4b8           0x2c          44   
.text.SYS_Initialize         0x4e4           0x24          36   
.text.__dinit_copy           0x508           0x1e          30   
[...]
Memory Configuration

Name             Origin             Length             Attributes
rom              0x0000000000000000 0x0000000000020000 xrl
ram              0x0000000020000000 0x0000000000004000 xw !r
config_D0804000  0x00000000d0804000 0x0000000000000004
config_D0806020  0x00000000d0806020 0x0000000000000004
config_D0804004  0x00000000d0804004 0x0000000000000004
config_D0806034  0x00000000d0806034 0x0000000000000004
config_D0806030  0x00000000d0806030 0x0000000000000004
*default*        0x0000000000000000 0xffffffffffffffff

Linker script and memory map

LOAD c:/program files/microchip/xc32/v4.45/bin/bin/../../lib/gcc/pic32c/8.3.1/thumb/v6-m/nofp/crti.o
LOAD c:/program files/microchip/xc32/v4.45/bin/bin/../../lib/gcc/pic32c/8.3.1/thumb/v6-m/nofp/crtbegin.o
LOAD build/default/production/_ext/1984496892/plib_clock.o
LOAD build/default/production/_ext/1865161661/plib_dmac.o
LOAD build/default/production/_ext/60167341/plib_eic.o
LOAD build/default/production/_ext/1986646378/plib_evsys.o
LOAD build/default/production/_ext/1865468468/plib_nvic.o
LOAD build/default/production/_ext/1593096446/plib_nvmctrl.o
LOAD build/default/production/_ext/1865521619/plib_port.o
LOAD build/default/production/_ext/60180175/plib_rtc_timer.o
LOAD build/default/production/_ext/504274921/plib_sercom1_usart.o
LOAD build/default/production/_ext/163028504/xc32_monitor.o
LOAD build/default/production/_ext/1171490990/initialization.o
LOAD build/default/production/_ext/1171490990/interrupts.o
LOAD build/default/production/_ext/1171490990/exceptions.o
LOAD build/default/production/_ext/1171490990/startup_xc32.o
LOAD build/default/production/_ext/1171490990/libc_syscalls.o
LOAD build/default/production/_ext/1360937237/main.o
LOAD build/default/production/_ext/60181570/plib_tcc0.o
                0x0000000000000001                __MPLAB_BUILD = 0x1
                0x0000000000020000                __rom_end = (ORIGIN (rom) + LENGTH (rom))
                0x0000000020004000                __ram_end = (ORIGIN (ram) + LENGTH (ram))

.config_D0804000
 *(.config_D0804000)

.config_D0806020
 *(.config_D0806020)

.config_D0804004
 *(.config_D0804004)

.config_D0806034
 *(.config_D0806034)

.config_D0806030
 *(.config_D0806030)

.vectors        0x0000000000000000       0xac
                0x0000000000000000                . = ALIGN (0x4)
                0x0000000000000000                _sfixed = .
 *(.vectors .vectors.* .vectors_default .vectors_default.*)
 .vectors.exception_table
                0x0000000000000000       0xac build/default/production/_ext/1171490990/interrupts.o
                0x0000000000000000                exception_table
 *(.isr_vector)
 *(.reset*)
 *(.after_vectors)

.text           0x00000000000000ac       0x20
                0x00000000000000ac                . = ALIGN (0x4)
 *(.glue_7t)
 .glue_7t       0x00000000000000ac        0x0 linker stubs
 *(.glue_7)
 .glue_7        0x00000000000000ac        0x0 linker stubs
 *(.gnu.linkonce.r.*)
 *(.ARM.extab* .gnu.linkonce.armextab.*)
                0x00000000000000ac                . = ALIGN (0x4)
 *(.init)
 .init          0x00000000000000ac        0x4 c:/program files/microchip/xc32/v4.45/bin/bin/../../lib/gcc/pic32c/8.3.1/thumb/v6-m/nofp/crti.o
                0x00000000000000ac                _init
 .init          0x00000000000000b0        0x8 c:/program files/microchip/xc32/v4.45/bin/bin/../../lib/gcc/pic32c/8.3.1/thumb/v6-m/nofp/crtn.o
                0x00000000000000b8                . = ALIGN (0x4)
                0x00000000000000b8                __preinit_array_start = .
 *(.preinit_array)
                0x00000000000000b8                __preinit_array_end = .
                0x00000000000000b8                . = ALIGN (0x4)
                0x00000000000000b8                __init_array_start = .
 *(SORT_BY_NAME(.init_array.*))
 *(.init_array)
 .init_array    0x00000000000000b8        0x4 c:/program files/microchip/xc32/v4.45/bin/bin/../../lib/gcc/pic32c/8.3.1/thumb/v6-m/nofp/crtbegin.o
                0x00000000000000bc                __init_array_end = .
                0x00000000000000bc                . = ALIGN (0x4)
 *crtbegin.o(.ctors)
 *(EXCLUDE_FILE(*crtend.o) .ctors)
 *(SORT_BY_NAME(.ctors.*))
 *crtend.o(.ctors)
                0x00000000000000bc                . = ALIGN (0x4)
 *(.fini)
 .fini          0x00000000000000bc        0x4 c:/program files/microchip/xc32/v4.45/bin/bin/../../lib/gcc/pic32c/8.3.1/thumb/v6-m/nofp/crti.o
                0x00000000000000bc                _fini
 .fini          0x00000000000000c0        0x8 c:/program files/microchip/xc32/v4.45/bin/bin/../../lib/gcc/pic32c/8.3.1/thumb/v6-m/nofp/crtn.o
                0x00000000000000c8                . = ALIGN (0x4)
                0x00000000000000c8                __fini_array_start = .
 *(.fini_array)
 .fini_array    0x00000000000000c8        0x4 c:/program files/microchip/xc32/v4.45/bin/bin/../../lib/gcc/pic32c/8.3.1/thumb/v6-m/nofp/crtbegin.o
 *(SORT_BY_NAME(.fini_array.*))
                0x00000000000000cc                __fini_array_end = .
 *crtbegin.o(.dtors)
 *(EXCLUDE_FILE(*crtend.o) .dtors)
 *(SORT_BY_NAME(.dtors.*))
 *crtend.o(.dtors)
                0x00000000000000cc                . = ALIGN (0x4)
                0x00000000000000cc                _efixed = .
                [!provide]                        PROVIDE (__exidx_start = .)

.ARM.exidx
 *(.ARM.exidx* .gnu.linkonce.armexidx.*)
                [!provide]                        PROVIDE (__exidx_end = .)
                0x00000000000000cc                . = ALIGN (0x4)
                0x00000000000000cc                _etext = .

.bss            0x0000000020000000        0x0
                0x0000000020000000                . = ALIGN (0x4)
                0x0000000020000000                __bss_start__ = .
                0x0000000020000000                _sbss = .
                0x0000000020000000                _szero = .
 *(COMMON)
                0x0000000020000000                . = ALIGN (0x4)
                0x0000000020000000                __bss_end__ = .
                0x0000000020000000                _ebss = .
                0x0000000020000000                _ezero = .
                0x0000000020000000                . = ALIGN (0x4)
                0x0000000020000000                _end = .
                0x0000000020003fff                _ram_end_ = ((ORIGIN (ram) + LENGTH (ram)) - 0x1)
                0x0000000000000200                _min_heap_size = 0x200
START GROUP
LOAD c:/program files/microchip/xc32/v4.45/bin/bin/../../lib/gcc/pic32c/8.3.1/../../../../pic32c/lib/thumb/v6-m/nofp\libpic32c.a
LOAD c:/program files/microchip/xc32/v4.45/bin/bin/../../lib/gcc/pic32c/8.3.1/../../../../pic32c/lib/thumb/v6-m/nofp\libc-size-musl.a
LOAD c:/program files/microchip/xc32/v4.45/bin/bin/../../lib/gcc/pic32c/8.3.1/../../../../pic32c/lib/thumb/v6-m/nofp\liblmalloc-musl.a
LOAD c:/program files/microchip/xc32/v4.45/bin/bin/../../lib/gcc/pic32c/8.3.1/../../../../pic32c/lib/thumb/v6-m/nofp\libm-fast-emfloat.a
LOAD c:/program files/microchip/xc32/v4.45/bin/bin/../../lib/gcc/pic32c/8.3.1/../../../../pic32c/lib/thumb/v6-m/nofp\libm-musl.a
LOAD c:/program files/microchip/xc32/v4.45/bin/bin/../../lib/gcc/pic32c/8.3.1/../../../../pic32c/lib/thumb/v6-m/nofp\libc-musl.a
LOAD c:/program files/microchip/xc32/v4.45/bin/bin/../../lib/gcc/pic32c/8.3.1/../../../../pic32c/lib/thumb/v6-m/nofp\libm-fast-emfloat.a
LOAD c:/program files/microchip/xc32/v4.45/bin/bin/../../lib/gcc/pic32c/8.3.1/../../../../pic32c/lib/thumb/v6-m/nofp\libm-musl.a
LOAD c:/program files/microchip/xc32/v4.45/bin/bin/../../lib/gcc/pic32c/8.3.1/thumb/v6-m/nofp\libgcc.a
END GROUP
LOAD c:/program files/microchip/xc32/v4.45/bin/bin/../../lib/gcc/pic32c/8.3.1/thumb/v6-m/nofp/crtend.o
LOAD c:/program files/microchip/xc32/v4.45/bin/bin/../../lib/gcc/pic32c/8.3.1/thumb/v6-m/nofp/crtn.o
OUTPUT(dist/default/production/test_pwm.X.production.elf elf32-littlearm)
LOAD data_init
LOAD stack

.ARM.attributes
                0x0000000000000000       0x2c
 .ARM.attributes
                0x0000000000000000       0x1e c:/program files/microchip/xc32/v4.45/bin/bin/../../lib/gcc/pic32c/8.3.1/thumb/v6-m/nofp/crti.o
 .ARM.attributes
                0x000000000000001e       0x2c c:/program files/microchip/xc32/v4.45/bin/bin/../../lib/gcc/pic32c/8.3.1/thumb/v6-m/nofp/crtbegin.o
 .ARM.attributes
                0x000000000000004a       0x2c build/default/production/_ext/1984496892/plib_clock.o
 .ARM.attributes
                0x0000000000000076       0x2c build/default/production/_ext/1865161661/plib_dmac.o
 .ARM.attributes
                0x00000000000000a2       0x2c build/default/production/_ext/60167341/plib_eic.o
 .ARM.attributes
                0x00000000000000ce       0x2c build/default/production/_ext/1865468468/plib_nvic.o
 .ARM.attributes
                0x00000000000000fa       0x2c build/default/production/_ext/1593096446/plib_nvmctrl.o
 .ARM.attributes
                0x0000000000000126       0x2c build/default/production/_ext/1865521619/plib_port.o
 .ARM.attributes
                0x0000000000000152       0x2c build/default/production/_ext/60180175/plib_rtc_timer.o
 .ARM.attributes
                0x000000000000017e       0x2c build/default/production/_ext/1171490990/initialization.o
 .ARM.attributes
                0x00000000000001aa       0x2c build/default/production/_ext/1171490990/interrupts.o
 .ARM.attributes
                0x00000000000001d6       0x2c build/default/production/_ext/1171490990/exceptions.o
 .ARM.attributes
                0x0000000000000202       0x2c build/default/production/_ext/1171490990/startup_xc32.o
 .ARM.attributes
                0x000000000000022e       0x2c build/default/production/_ext/1360937237/main.o
 .ARM.attributes
                0x000000000000025a       0x2c build/default/production/_ext/60181570/plib_tcc0.o
 .ARM.attributes
                0x0000000000000286       0x2c c:/program files/microchip/xc32/v4.45/bin/bin/../../lib/gcc/pic32c/8.3.1/../../../../pic32c/lib/thumb/v6-m/nofp\libpic32c.a(data_init.o)
 .ARM.attributes
                0x00000000000002b2       0x2e c:/program files/microchip/xc32/v4.45/bin/bin/../../lib/gcc/pic32c/8.3.1/../../../../pic32c/lib/thumb/v6-m/nofp\libc-musl.a(__libc_start_main.o)
 .ARM.attributes
                0x00000000000002e0       0x2e c:/program files/microchip/xc32/v4.45/bin/bin/../../lib/gcc/pic32c/8.3.1/../../../../pic32c/lib/thumb/v6-m/nofp\libc-musl.a(libc.o)
 .ARM.attributes
                0x000000000000030e       0x2e c:/program files/microchip/xc32/v4.45/bin/bin/../../lib/gcc/pic32c/8.3.1/../../../../pic32c/lib/thumb/v6-m/nofp\libc-musl.a(__environ.o)
 .ARM.attributes
                0x000000000000033c       0x1e c:/program files/microchip/xc32/v4.45/bin/bin/../../lib/gcc/pic32c/8.3.1/thumb/v6-m/nofp/crtn.o
 .ARM.attributes
                0x000000000000035a       0x2c c:/program files/microchip/xc32/v4.45/bin/bin/../../lib/gcc/pic32c/8.3.1/../../../../pic32c/lib/thumb/v6-m/nofp\libpic32c.a(pic32_data_init_clear.o)
 .ARM.attributes
                0x0000000000000386       0x2c c:/program files/microchip/xc32/v4.45/bin/bin/../../lib/gcc/pic32c/8.3.1/../../../../pic32c/lib/thumb/v6-m/nofp\libpic32c.a(pic32_data_init_copy.o)

.comment        0x0000000000000000       0x2b
 .comment       0x0000000000000000       0x2b c:/program files/microchip/xc32/v4.45/bin/bin/../../lib/gcc/pic32c/8.3.1/thumb/v6-m/nofp/crtbegin.o
                                         0x2c (size before relaxing)
 .comment       0x000000000000002b       0x2c build/default/production/_ext/1984496892/plib_clock.o
 .comment       0x000000000000002b       0x2c build/default/production/_ext/1865161661/plib_dmac.o
 .comment       0x000000000000002b       0x2c build/default/production/_ext/60167341/plib_eic.o
 .comment       0x000000000000002b       0x2c build/default/production/_ext/1865468468/plib_nvic.o
 .comment       0x000000000000002b       0x2c build/default/production/_ext/1593096446/plib_nvmctrl.o
 .comment       0x000000000000002b       0x2c build/default/production/_ext/1865521619/plib_port.o
 .comment       0x000000000000002b       0x2c build/default/production/_ext/60180175/plib_rtc_timer.o
 .comment       0x000000000000002b       0x2c build/default/production/_ext/1171490990/initialization.o
 .comment       0x000000000000002b       0x2c build/default/production/_ext/1171490990/interrupts.o
 .comment       0x000000000000002b       0x2c build/default/production/_ext/1171490990/exceptions.o
 .comment       0x000000000000002b       0x2c build/default/production/_ext/1171490990/startup_xc32.o
 .comment       0x000000000000002b       0x2c build/default/production/_ext/1360937237/main.o
 .comment       0x000000000000002b       0x2c build/default/production/_ext/60181570/plib_tcc0.o
 .comment       0x000000000000002b       0x2c c:/program files/microchip/xc32/v4.45/bin/bin/../../lib/gcc/pic32c/8.3.1/../../../../pic32c/lib/thumb/v6-m/nofp\libpic32c.a(data_init.o)
 .comment       0x000000000000002b       0x2c c:/program files/microchip/xc32/v4.45/bin/bin/../../lib/gcc/pic32c/8.3.1/../../../../pic32c/lib/thumb/v6-m/nofp\libc-musl.a(__libc_start_main.o)
 .comment       0x000000000000002b       0x2c c:/program files/microchip/xc32/v4.45/bin/bin/../../lib/gcc/pic32c/8.3.1/../../../../pic32c/lib/thumb/v6-m/nofp\libc-musl.a(libc.o)
 .comment       0x000000000000002b       0x2c c:/program files/microchip/xc32/v4.45/bin/bin/../../lib/gcc/pic32c/8.3.1/../../../../pic32c/lib/thumb/v6-m/nofp\libc-musl.a(__environ.o)
 .comment       0x000000000000002b       0x2c c:/program files/microchip/xc32/v4.45/bin/bin/../../lib/gcc/pic32c/8.3.1/../../../../pic32c/lib/thumb/v6-m/nofp\libpic32c.a(pic32_data_init_clear.o)
 .comment       0x000000000000002b       0x2c c:/program files/microchip/xc32/v4.45/bin/bin/../../lib/gcc/pic32c/8.3.1/../../../../pic32c/lib/thumb/v6-m/nofp\libpic32c.a(pic32_data_init_copy.o)

.debug_info     0x0000000000000000     0x4844
 .debug_info    0x0000000000000000      0x732 build/default/production/_ext/1984496892/plib_clock.o
 .debug_info    0x0000000000000732      0xbed build/default/production/_ext/1865161661/plib_dmac.o
 .debug_info    0x000000000000131f      0x343 build/default/production/_ext/60167341/plib_eic.o
 .debug_info    0x0000000000001662      0x5f4 build/default/production/_ext/1865468468/plib_nvic.o
 .debug_info    0x0000000000001c56      0x714 build/default/production/_ext/1593096446/plib_nvmctrl.o
 .debug_info    0x000000000000236a      0x62d build/default/production/_ext/1865521619/plib_port.o
 .debug_info    0x0000000000002997      0x74b build/default/production/_ext/60180175/plib_rtc_timer.o
 .debug_info    0x00000000000030e2      0x2a2 build/default/production/_ext/1171490990/initialization.o
 .debug_info    0x0000000000003384      0x3a2 build/default/production/_ext/1171490990/interrupts.o
 .debug_info    0x0000000000003726       0xba build/default/production/_ext/1171490990/exceptions.o
 .debug_info    0x00000000000037e0      0x205 build/default/production/_ext/1171490990/startup_xc32.o
 .debug_info    0x00000000000039e5      0x15e build/default/production/_ext/1360937237/main.o
 .debug_info    0x0000000000003b43      0x626 build/default/production/_ext/60181570/plib_tcc0.o
 .debug_info    0x0000000000004169       0x54 c:/program files/microchip/xc32/v4.45/bin/bin/../../lib/gcc/pic32c/8.3.1/../../../../pic32c/lib/thumb/v6-m/nofp\libpic32c.a(data_init.o)
 .debug_info    0x00000000000041bd      0x2fb c:/program files/microchip/xc32/v4.45/bin/bin/../../lib/gcc/pic32c/8.3.1/../../../../pic32c/lib/thumb/v6-m/nofp\libc-musl.a(__libc_start_main.o)
 .debug_info    0x00000000000044b8      0x276 c:/program files/microchip/xc32/v4.45/bin/bin/../../lib/gcc/pic32c/8.3.1/../../../../pic32c/lib/thumb/v6-m/nofp\libc-musl.a(libc.o)
 .debug_info    0x000000000000472e       0x97 c:/program files/microchip/xc32/v4.45/bin/bin/../../lib/gcc/pic32c/8.3.1/../../../../pic32c/lib/thumb/v6-m/nofp\libc-musl.a(__environ.o)
 .debug_info    0x00000000000047c5       0x3f c:/program files/microchip/xc32/v4.45/bin/bin/../../lib/gcc/pic32c/8.3.1/../../../../pic32c/lib/thumb/v6-m/nofp\libpic32c.a(pic32_data_init_clear.o)
 .debug_info    0x0000000000004804       0x40 c:/program files/microchip/xc32/v4.45/bin/bin/../../lib/gcc/pic32c/8.3.1/../../../../pic32c/lib/thumb/v6-m/nofp\libpic32c.a(pic32_data_init_copy.o)

.debug_abbrev   0x0000000000000000     0x1639
 .debug_abbrev  0x0000000000000000      0x14e build/default/production/_ext/1984496892/plib_clock.o
 .debug_abbrev  0x000000000000014e      0x2d7 build/default/production/_ext/1865161661/plib_dmac.o
 .debug_abbrev  0x0000000000000425      0x195 build/default/production/_ext/60167341/plib_eic.o
 .debug_abbrev  0x00000000000005ba      0x1ec build/default/production/_ext/1865468468/plib_nvic.o
 .debug_abbrev  0x00000000000007a6      0x1f2 build/default/production/_ext/1593096446/plib_nvmctrl.o
 .debug_abbrev  0x0000000000000998      0x1be build/default/production/_ext/1865521619/plib_port.o
 .debug_abbrev  0x0000000000000b56      0x1a2 build/default/production/_ext/60180175/plib_rtc_timer.o
 .debug_abbrev  0x0000000000000cf8       0xf4 build/default/production/_ext/1171490990/initialization.o
 .debug_abbrev  0x0000000000000dec       0xc0 build/default/production/_ext/1171490990/interrupts.o
 .debug_abbrev  0x0000000000000eac       0x49 build/default/production/_ext/1171490990/exceptions.o
 .debug_abbrev  0x0000000000000ef5      0x118 build/default/production/_ext/1171490990/startup_xc32.o
 .debug_abbrev  0x000000000000100d       0xcd build/default/production/_ext/1360937237/main.o
 .debug_abbrev  0x00000000000010da      0x256 build/default/production/_ext/60181570/plib_tcc0.o
 .debug_abbrev  0x0000000000001330       0x44 c:/program files/microchip/xc32/v4.45/bin/bin/../../lib/gcc/pic32c/8.3.1/../../../../pic32c/lib/thumb/v6-m/nofp\libpic32c.a(data_init.o)
 .debug_abbrev  0x0000000000001374      0x133 c:/program files/microchip/xc32/v4.45/bin/bin/../../lib/gcc/pic32c/8.3.1/../../../../pic32c/lib/thumb/v6-m/nofp\libc-musl.a(__libc_start_main.o)
 .debug_abbrev  0x00000000000014a7       0xd4 c:/program files/microchip/xc32/v4.45/bin/bin/../../lib/gcc/pic32c/8.3.1/../../../../pic32c/lib/thumb/v6-m/nofp\libc-musl.a(libc.o)
 .debug_abbrev  0x000000000000157b       0x62 c:/program files/microchip/xc32/v4.45/bin/bin/../../lib/gcc/pic32c/8.3.1/../../../../pic32c/lib/thumb/v6-m/nofp\libc-musl.a(__environ.o)
 .debug_abbrev  0x00000000000015dd       0x2e c:/program files/microchip/xc32/v4.45/bin/bin/../../lib/gcc/pic32c/8.3.1/../../../../pic32c/lib/thumb/v6-m/nofp\libpic32c.a(pic32_data_init_clear.o)
 .debug_abbrev  0x000000000000160b       0x2e c:/program files/microchip/xc32/v4.45/bin/bin/../../lib/gcc/pic32c/8.3.1/../../../../pic32c/lib/thumb/v6-m/nofp\libpic32c.a(pic32_data_init_copy.o)

.debug_loc      0x0000000000000000     0x199b
 .debug_loc     0x0000000000000000      0x13e build/default/production/_ext/1984496892/plib_clock.o
 .debug_loc     0x000000000000013e      0xb10 build/default/production/_ext/1865161661/plib_dmac.o
 .debug_loc     0x0000000000000c4e      0x11e build/default/production/_ext/60167341/plib_eic.o
 .debug_loc     0x0000000000000d6c       0x70 build/default/production/_ext/1865468468/plib_nvic.o
 .debug_loc     0x0000000000000ddc      0x685 build/default/production/_ext/1593096446/plib_nvmctrl.o
 .debug_loc     0x0000000000001461      0x226 build/default/production/_ext/1865521619/plib_port.o
 .debug_loc     0x0000000000001687       0x94 build/default/production/_ext/60180175/plib_rtc_timer.o
 .debug_loc     0x000000000000171b       0x45 build/default/production/_ext/1171490990/initialization.o
 .debug_loc     0x0000000000001760       0x20 build/default/production/_ext/1171490990/startup_xc32.o
 .debug_loc     0x0000000000001780       0x20 build/default/production/_ext/1360937237/main.o
 .debug_loc     0x00000000000017a0      0x175 build/default/production/_ext/60181570/plib_tcc0.o
 .debug_loc     0x0000000000001915       0x14 c:/program files/microchip/xc32/v4.45/bin/bin/../../lib/gcc/pic32c/8.3.1/../../../../pic32c/lib/thumb/v6-m/nofp\libpic32c.a(data_init.o)
 .debug_loc     0x0000000000001929       0x5e c:/program files/microchip/xc32/v4.45/bin/bin/../../lib/gcc/pic32c/8.3.1/../../../../pic32c/lib/thumb/v6-m/nofp\libc-musl.a(__libc_start_main.o)
 .debug_loc     0x0000000000001987       0x14 c:/program files/microchip/xc32/v4.45/bin/bin/../../lib/gcc/pic32c/8.3.1/../../../../pic32c/lib/thumb/v6-m/nofp\libpic32c.a(pic32_data_init_copy.o)

.debug_aranges  0x0000000000000000      0x4d0
 .debug_aranges
                0x0000000000000000       0x20 build/default/production/_ext/1984496892/plib_clock.o
 .debug_aranges
                0x0000000000000020       0x98 build/default/production/_ext/1865161661/plib_dmac.o
 .debug_aranges
                0x00000000000000b8       0x40 build/default/production/_ext/60167341/plib_eic.o
 .debug_aranges
                0x00000000000000f8       0x38 build/default/production/_ext/1865468468/plib_nvic.o
 .debug_aranges
                0x0000000000000130       0xa8 build/default/production/_ext/1593096446/plib_nvmctrl.o
 .debug_aranges
                0x00000000000001d8       0x70 build/default/production/_ext/1865521619/plib_port.o
 .debug_aranges
                0x0000000000000248       0x88 build/default/production/_ext/60180175/plib_rtc_timer.o
 .debug_aranges
                0x00000000000002d0       0x20 build/default/production/_ext/1171490990/initialization.o
 .debug_aranges
                0x00000000000002f0       0x20 build/default/production/_ext/1171490990/interrupts.o
 .debug_aranges
                0x0000000000000310       0x28 build/default/production/_ext/1171490990/exceptions.o
 .debug_aranges
                0x0000000000000338       0x28 build/default/production/_ext/1171490990/startup_xc32.o
 .debug_aranges
                0x0000000000000360       0x28 build/default/production/_ext/1360937237/main.o
 .debug_aranges
                0x0000000000000388       0x88 build/default/production/_ext/60181570/plib_tcc0.o
 .debug_aranges
                0x0000000000000410       0x28 c:/program files/microchip/xc32/v4.45/bin/bin/../../lib/gcc/pic32c/8.3.1/../../../../pic32c/lib/thumb/v6-m/nofp\libpic32c.a(data_init.o)
 .debug_aranges
                0x0000000000000438       0x28 c:/program files/microchip/xc32/v4.45/bin/bin/../../lib/gcc/pic32c/8.3.1/../../../../pic32c/lib/thumb/v6-m/nofp\libc-musl.a(__libc_start_main.o)
 .debug_aranges
                0x0000000000000460       0x18 c:/program files/microchip/xc32/v4.45/bin/bin/../../lib/gcc/pic32c/8.3.1/../../../../pic32c/lib/thumb/v6-m/nofp\libc-musl.a(libc.o)
 .debug_aranges
                0x0000000000000478       0x18 c:/program files/microchip/xc32/v4.45/bin/bin/../../lib/gcc/pic32c/8.3.1/../../../../pic32c/lib/thumb/v6-m/nofp\libc-musl.a(__environ.o)
 .debug_aranges
                0x0000000000000490       0x20 c:/program files/microchip/xc32/v4.45/bin/bin/../../lib/gcc/pic32c/8.3.1/../../../../pic32c/lib/thumb/v6-m/nofp\libpic32c.a(pic32_data_init_clear.o)
 .debug_aranges
                0x00000000000004b0       0x20 c:/program files/microchip/xc32/v4.45/bin/bin/../../lib/gcc/pic32c/8.3.1/../../../../pic32c/lib/thumb/v6-m/nofp\libpic32c.a(pic32_data_init_copy.o)

.debug_ranges   0x0000000000000000      0x3c0
 .debug_ranges  0x0000000000000000       0x10 build/default/production/_ext/1984496892/plib_clock.o
 .debug_ranges  0x0000000000000010       0xa0 build/default/production/_ext/1865161661/plib_dmac.o
 .debug_ranges  0x00000000000000b0       0x30 build/default/production/_ext/60167341/plib_eic.o
 .debug_ranges  0x00000000000000e0       0x28 build/default/production/_ext/1865468468/plib_nvic.o
 .debug_ranges  0x0000000000000108       0x98 build/default/production/_ext/1593096446/plib_nvmctrl.o
 .debug_ranges  0x00000000000001a0       0x60 build/default/production/_ext/1865521619/plib_port.o
 .debug_ranges  0x0000000000000200       0x78 build/default/production/_ext/60180175/plib_rtc_timer.o
 .debug_ranges  0x0000000000000278       0x10 build/default/production/_ext/1171490990/initialization.o
 .debug_ranges  0x0000000000000288       0x10 build/default/production/_ext/1171490990/interrupts.o
 .debug_ranges  0x0000000000000298       0x18 build/default/production/_ext/1171490990/exceptions.o
 .debug_ranges  0x00000000000002b0       0x18 build/default/production/_ext/1171490990/startup_xc32.o
 .debug_ranges  0x00000000000002c8       0x18 build/default/production/_ext/1360937237/main.o
 .debug_ranges  0x00000000000002e0       0x78 build/default/production/_ext/60181570/plib_tcc0.o
 .debug_ranges  0x0000000000000358       0x18 c:/program files/microchip/xc32/v4.45/bin/bin/../../lib/gcc/pic32c/8.3.1/../../../../pic32c/lib/thumb/v6-m/nofp\libpic32c.a(data_init.o)
 .debug_ranges  0x0000000000000370       0x30 c:/program files/microchip/xc32/v4.45/bin/bin/../../lib/gcc/pic32c/8.3.1/../../../../pic32c/lib/thumb/v6-m/nofp\libc-musl.a(__libc_start_main.o)
 .debug_ranges  0x00000000000003a0       0x10 c:/program files/microchip/xc32/v4.45/bin/bin/../../lib/gcc/pic32c/8.3.1/../../../../pic32c/lib/thumb/v6-m/nofp\libpic32c.a(pic32_data_init_clear.o)
 .debug_ranges  0x00000000000003b0       0x10 c:/program files/microchip/xc32/v4.45/bin/bin/../../lib/gcc/pic32c/8.3.1/../../../../pic32c/lib/thumb/v6-m/nofp\libpic32c.a(pic32_data_init_copy.o)

.debug_line     0x0000000000000000     0x2863
 .debug_line    0x0000000000000000      0x219 build/default/production/_ext/1984496892/plib_clock.o
 .debug_line    0x0000000000000219      0x6e2 build/default/production/_ext/1865161661/plib_dmac.o
 .debug_line    0x00000000000008fb      0x2b4 build/default/production/_ext/60167341/plib_eic.o
 .debug_line    0x0000000000000baf      0x2aa build/default/production/_ext/1865468468/plib_nvic.o
 .debug_line    0x0000000000000e59      0x486 build/default/production/_ext/1593096446/plib_nvmctrl.o
 .debug_line    0x00000000000012df      0x2d8 build/default/production/_ext/1865521619/plib_port.o
 .debug_line    0x00000000000015b7      0x3c5 build/default/production/_ext/60180175/plib_rtc_timer.o
 .debug_line    0x000000000000197c      0x207 build/default/production/_ext/1171490990/initialization.o
 .debug_line    0x0000000000001b83       0xba build/default/production/_ext/1171490990/interrupts.o
 .debug_line    0x0000000000001c3d       0x6e build/default/production/_ext/1171490990/exceptions.o
 .debug_line    0x0000000000001cab      0x157 build/default/production/_ext/1171490990/startup_xc32.o
 .debug_line    0x0000000000001e02      0x102 build/default/production/_ext/1360937237/main.o
 .debug_line    0x0000000000001f04      0x46e build/default/production/_ext/60181570/plib_tcc0.o
 .debug_line    0x0000000000002372       0x8e c:/program files/microchip/xc32/v4.45/bin/bin/../../lib/gcc/pic32c/8.3.1/../../../../pic32c/lib/thumb/v6-m/nofp\libpic32c.a(data_init.o)
 .debug_line    0x0000000000002400      0x1bc c:/program files/microchip/xc32/v4.45/bin/bin/../../lib/gcc/pic32c/8.3.1/../../../../pic32c/lib/thumb/v6-m/nofp\libc-musl.a(__libc_start_main.o)
 .debug_line    0x00000000000025bc       0xb5 c:/program files/microchip/xc32/v4.45/bin/bin/../../lib/gcc/pic32c/8.3.1/../../../../pic32c/lib/thumb/v6-m/nofp\libc-musl.a(libc.o)
 .debug_line    0x0000000000002671       0xfb c:/program files/microchip/xc32/v4.45/bin/bin/../../lib/gcc/pic32c/8.3.1/../../../../pic32c/lib/thumb/v6-m/nofp\libc-musl.a(__environ.o)
 .debug_line    0x000000000000276c       0x6f c:/program files/microchip/xc32/v4.45/bin/bin/../../lib/gcc/pic32c/8.3.1/../../../../pic32c/lib/thumb/v6-m/nofp\libpic32c.a(pic32_data_init_clear.o)
 .debug_line    0x00000000000027db       0x88 c:/program files/microchip/xc32/v4.45/bin/bin/../../lib/gcc/pic32c/8.3.1/../../../../pic32c/lib/thumb/v6-m/nofp\libpic32c.a(pic32_data_init_copy.o)

.debug_str      0x0000000000000000     0x55ec
 .debug_str     0x0000000000000000      0x701 build/default/production/_ext/1984496892/plib_clock.o
 .debug_str     0x0000000000000701      0x907 build/default/production/_ext/1865161661/plib_dmac.o
 .debug_str     0x0000000000001008      0x460 build/default/production/_ext/60167341/plib_eic.o
 .debug_str     0x0000000000001468      0x5de build/default/production/_ext/1865468468/plib_nvic.o
 .debug_str     0x0000000000001a46      0x5e2 build/default/production/_ext/1593096446/plib_nvmctrl.o
 .debug_str     0x0000000000002028      0x746 build/default/production/_ext/1865521619/plib_port.o
 .debug_str     0x000000000000276e      0x5fd build/default/production/_ext/60180175/plib_rtc_timer.o
 .debug_str     0x0000000000002d6b      0x430 build/default/production/_ext/1171490990/initialization.o
 .debug_str     0x000000000000319b      0x5e7 build/default/production/_ext/1171490990/interrupts.o
 .debug_str     0x0000000000003782      0x2f7 build/default/production/_ext/1171490990/exceptions.o
 .debug_str     0x0000000000003a79      0x363 build/default/production/_ext/1171490990/startup_xc32.o
 .debug_str     0x0000000000003ddc      0x31f build/default/production/_ext/1360937237/main.o
 .debug_str     0x00000000000040fb      0x62a build/default/production/_ext/60181570/plib_tcc0.o
 .debug_str     0x0000000000004725      0x1eb c:/program files/microchip/xc32/v4.45/bin/bin/../../lib/gcc/pic32c/8.3.1/../../../../pic32c/lib/thumb/v6-m/nofp\libpic32c.a(data_init.o)
 .debug_str     0x0000000000004910      0x3ca c:/program files/microchip/xc32/v4.45/bin/bin/../../lib/gcc/pic32c/8.3.1/../../../../pic32c/lib/thumb/v6-m/nofp\libc-musl.a(__libc_start_main.o)
 .debug_str     0x0000000000004cda      0x335 c:/program files/microchip/xc32/v4.45/bin/bin/../../lib/gcc/pic32c/8.3.1/../../../../pic32c/lib/thumb/v6-m/nofp\libc-musl.a(libc.o)
 .debug_str     0x000000000000500f      0x235 c:/program files/microchip/xc32/v4.45/bin/bin/../../lib/gcc/pic32c/8.3.1/../../../../pic32c/lib/thumb/v6-m/nofp\libc-musl.a(__environ.o)
 .debug_str     0x0000000000005244      0x1d5 c:/program files/microchip/xc32/v4.45/bin/bin/../../lib/gcc/pic32c/8.3.1/../../../../pic32c/lib/thumb/v6-m/nofp\libpic32c.a(pic32_data_init_clear.o)
 .debug_str     0x0000000000005419      0x1d3 c:/program files/microchip/xc32/v4.45/bin/bin/../../lib/gcc/pic32c/8.3.1/../../../../pic32c/lib/thumb/v6-m/nofp\libpic32c.a(pic32_data_init_copy.o)

.debug_frame    0x0000000000000000      0x82c
 .debug_frame   0x0000000000000000       0x20 build/default/production/_ext/1984496892/plib_clock.o
 .debug_frame   0x0000000000000020      0x180 build/default/production/_ext/1865161661/plib_dmac.o
 .debug_frame   0x00000000000001a0       0x84 build/default/production/_ext/60167341/plib_eic.o
 .debug_frame   0x0000000000000224       0x50 build/default/production/_ext/1865468468/plib_nvic.o
 .debug_frame   0x0000000000000274      0x15c build/default/production/_ext/1593096446/plib_nvmctrl.o
 .debug_frame   0x00000000000003d0       0xcc build/default/production/_ext/1865521619/plib_port.o
 .debug_frame   0x000000000000049c       0xf8 build/default/production/_ext/60180175/plib_rtc_timer.o
 .debug_frame   0x0000000000000594       0x28 build/default/production/_ext/1171490990/initialization.o
 .debug_frame   0x00000000000005bc       0x20 build/default/production/_ext/1171490990/interrupts.o
 .debug_frame   0x00000000000005dc       0x30 build/default/production/_ext/1171490990/exceptions.o
 .debug_frame   0x000000000000060c       0x38 build/default/production/_ext/1171490990/startup_xc32.o
 .debug_frame   0x0000000000000644       0x38 build/default/production/_ext/1360937237/main.o
 .debug_frame   0x000000000000067c       0xf8 build/default/production/_ext/60181570/plib_tcc0.o
 .debug_frame   0x0000000000000774       0x38 c:/program files/microchip/xc32/v4.45/bin/bin/../../lib/gcc/pic32c/8.3.1/../../../../pic32c/lib/thumb/v6-m/nofp\libpic32c.a(data_init.o)
 .debug_frame   0x00000000000007ac       0x38 c:/program files/microchip/xc32/v4.45/bin/bin/../../lib/gcc/pic32c/8.3.1/../../../../pic32c/lib/thumb/v6-m/nofp\libc-musl.a(__libc_start_main.o)
 .debug_frame   0x00000000000007e4       0x20 c:/program files/microchip/xc32/v4.45/bin/bin/../../lib/gcc/pic32c/8.3.1/../../../../pic32c/lib/thumb/v6-m/nofp\libpic32c.a(pic32_data_init_clear.o)
 .debug_frame   0x0000000000000804       0x28 c:/program files/microchip/xc32/v4.45/bin/bin/../../lib/gcc/pic32c/8.3.1/../../../../pic32c/lib/thumb/v6-m/nofp\libpic32c.a(pic32_data_init_copy.o)

.note.GNU-stack
                0x0000000000000000        0x0
 .note.GNU-stack
                0x0000000000000000        0x0 c:/program files/microchip/xc32/v4.45/bin/bin/../../lib/gcc/pic32c/8.3.1/../../../../pic32c/lib/thumb/v6-m/nofp\libc-musl.a(__libc_start_main.o)
 .note.GNU-stack
                0x0000000000000000        0x0 c:/program files/microchip/xc32/v4.45/bin/bin/../../lib/gcc/pic32c/8.3.1/../../../../pic32c/lib/thumb/v6-m/nofp\libc-musl.a(libc.o)
 .note.GNU-stack
                0x0000000000000000        0x0 c:/program files/microchip/xc32/v4.45/bin/bin/../../lib/gcc/pic32c/8.3.1/../../../../pic32c/lib/thumb/v6-m/nofp\libc-musl.a(__environ.o)

.stack          0x0000000020000378      0x100
 .stack         0x0000000020000378      0x100 stack

.bss.eicCallbackObject%1
                0x0000000020000000       0xc0
 .bss.eicCallbackObject
                0x0000000020000000       0xc0 build/default/production/_ext/60167341/plib_eic.o

.bss%2          0x00000000200000c0       0x50
 .bss           0x00000000200000c0       0x50 c:/program files/microchip/xc32/v4.45/bin/bin/../../lib/gcc/pic32c/8.3.1/../../../../pic32c/lib/thumb/v6-m/nofp\libc-musl.a(libc.o)
                0x00000000200000c0                __progname_full
                0x00000000200000c0                program_invocation_name
                0x00000000200000c4                program_invocation_short_name
                0x00000000200000c4                __progname
                0x00000000200000c8                __sysinfo
                0x00000000200000cc                __hwcap
                0x00000000200000d0                __libc

.bss%3          0x0000000020000110       0x1c
 .bss           0x0000000020000110       0x1c c:/program files/microchip/xc32/v4.45/bin/bin/../../lib/gcc/pic32c/8.3.1/thumb/v6-m/nofp/crtbegin.o

.bss.dmacChannelObj%4
                0x000000002000012c       0x10
 .bss.dmacChannelObj
                0x000000002000012c       0x10 build/default/production/_ext/1865161661/plib_dmac.o

.bss.rtcObj%5   0x000000002000013c        0xc
 .bss.rtcObj    0x000000002000013c        0xc build/default/production/_ext/60180175/plib_rtc_timer.o

.bss.TCC0_CallbackObj%6
                0x0000000020000148        0x8
 .bss.TCC0_CallbackObj
                0x0000000020000148        0x8 build/default/production/_ext/60181570/plib_tcc0.o

.bss%7          0x0000000020000150        0x4
 .bss           0x0000000020000150        0x4 c:/program files/microchip/xc32/v4.45/bin/bin/../../lib/gcc/pic32c/8.3.1/../../../../pic32c/lib/thumb/v6-m/nofp\libpic32c.a(data_init.o)

.bss%8          0x0000000020000154        0x4
 .bss           0x0000000020000154        0x4 c:/program files/microchip/xc32/v4.45/bin/bin/../../lib/gcc/pic32c/8.3.1/../../../../pic32c/lib/thumb/v6-m/nofp\libc-musl.a(__environ.o)
                0x0000000020000154                __environ
                0x0000000020000154                environ
                0x0000000020000154                ___environ
                0x0000000020000154                _environ

.eh_frame%z1    0x0000000000000000        0x0
 .eh_frame      0x0000000000000000        0x0 c:/program files/microchip/xc32/v4.45/bin/bin/../../lib/gcc/pic32c/8.3.1/thumb/v6-m/nofp/crtbegin.o

.config_00804000.__config_00804000%9
                0x0000000000804000        0x4
 .config_00804000.__config_00804000
                0x0000000000804000        0x4 build/default/production/_ext/1171490990/initialization.o
                0x0000000000804000                __config_00804000

.config_00804004.__config_00804004%10
                0x0000000000804004        0x4
 .config_00804004.__config_00804004
                0x0000000000804004        0x4 build/default/production/_ext/1171490990/initialization.o
                0x0000000000804004                __config_00804004

.text.TCC0_PWMInitialize%11
                0x00000000000000cc       0xa4
 .text.TCC0_PWMInitialize
                0x00000000000000cc       0xa4 build/default/production/_ext/60181570/plib_tcc0.o
                0x00000000000000cc                TCC0_PWMInitialize

.text.CLOCK_Initialize%12
                0x0000000000000170       0x90
 .text.CLOCK_Initialize
                0x0000000000000170       0x90 build/default/production/_ext/1984496892/plib_clock.o
                0x0000000000000170                CLOCK_Initialize

.text.DMAC_InterruptHandler%13
                0x0000000000000200       0x7c
 .text.DMAC_InterruptHandler
                0x0000000000000200       0x7c build/default/production/_ext/1865161661/plib_dmac.o
                0x0000000000000200                DMAC_InterruptHandler

.text.EIC_InterruptHandler%14
                0x000000000000027c       0x60
 .text.EIC_InterruptHandler
                0x000000000000027c       0x60 build/default/production/_ext/60167341/plib_eic.o
                0x000000000000027c                EIC_InterruptHandler

.text.__libc_start_init%15
                0x00000000000002dc       0x5c
 .text.__libc_start_init
                0x00000000000002dc       0x5c c:/program files/microchip/xc32/v4.45/bin/bin/../../lib/gcc/pic32c/8.3.1/../../../../pic32c/lib/thumb/v6-m/nofp\libc-musl.a(__libc_start_main.o)
                0x00000000000002dc                __libc_init_array

.dinit%16       0x0000000000000338       0x50
 .dinit         0x0000000000000338       0x50 data_init

.text%17        0x0000000000000388       0x48
 .text          0x0000000000000388       0x48 c:/program files/microchip/xc32/v4.45/bin/bin/../../lib/gcc/pic32c/8.3.1/thumb/v6-m/nofp/crtbegin.o

.text.Reset_Handler%18
                0x00000000000003d0       0x48
 .text.Reset_Handler
                0x00000000000003d0       0x48 build/default/production/_ext/1171490990/startup_xc32.o
                0x00000000000003d0                Reset_Handler

.text.PORT_Initialize%19
                0x0000000000000418       0x3c
 .text.PORT_Initialize
                0x0000000000000418       0x3c build/default/production/_ext/1865521619/plib_port.o
                0x0000000000000418                PORT_Initialize

.text.__pic32c_data_initialization%20
                0x0000000000000454       0x34
 .text.__pic32c_data_initialization
                0x0000000000000454       0x34 c:/program files/microchip/xc32/v4.45/bin/bin/../../lib/gcc/pic32c/8.3.1/../../../../pic32c/lib/thumb/v6-m/nofp\libpic32c.a(data_init.o)
                0x0000000000000454                __pic32c_data_initialization

.text.RTC_InterruptHandler%21
                0x0000000000000488       0x30
 .text.RTC_InterruptHandler
                0x0000000000000488       0x30 build/default/production/_ext/60180175/plib_rtc_timer.o
                0x0000000000000488                RTC_InterruptHandler

.text.NVIC_Initialize%22
                0x00000000000004b8       0x2c
 .text.NVIC_Initialize
                0x00000000000004b8       0x2c build/default/production/_ext/1865468468/plib_nvic.o
                0x00000000000004b8                NVIC_Initialize

.text.SYS_Initialize%23
                0x00000000000004e4       0x24
 .text.SYS_Initialize
                0x00000000000004e4       0x24 build/default/production/_ext/1171490990/initialization.o
                0x00000000000004e4                SYS_Initialize

.text.__dinit_copy%24
                0x0000000000000508       0x1e
 .text.__dinit_copy
                0x0000000000000508       0x1e c:/program files/microchip/xc32/v4.45/bin/bin/../../lib/gcc/pic32c/8.3.1/../../../../pic32c/lib/thumb/v6-m/nofp\libpic32c.a(pic32_data_init_copy.o)
                0x0000000000000508                __dinit_copy_needed
                0x0000000000000508                __dinit_copy

.text.main%25   0x0000000000000528       0x1c
 .text.main     0x0000000000000528       0x1c build/default/production/_ext/1360937237/main.o
                0x0000000000000528                main

.text.TCC0_PWMStart%26
                0x0000000000000544       0x1c
 .text.TCC0_PWMStart
                0x0000000000000544       0x1c build/default/production/_ext/60181570/plib_tcc0.o
                0x0000000000000544                TCC0_PWMStart

.text.TCC0_InterruptHandler%27
                0x0000000000000560       0x1c
 .text.TCC0_InterruptHandler
                0x0000000000000560       0x1c build/default/production/_ext/60181570/plib_tcc0.o
                0x0000000000000560                TCC0_InterruptHandler

.rodata%28      0x000000000000057c       0x14
 .rodata        0x000000000000057c       0x14 c:/program files/microchip/xc32/v4.45/bin/bin/../../lib/gcc/pic32c/8.3.1/../../../../pic32c/lib/thumb/v6-m/nofp\libpic32c.a(data_init.o)

.text.__dinit_clear%29
                0x0000000000000590       0x12
 .text.__dinit_clear
                0x0000000000000590       0x12 c:/program files/microchip/xc32/v4.45/bin/bin/../../lib/gcc/pic32c/8.3.1/../../../../pic32c/lib/thumb/v6-m/nofp\libpic32c.a(pic32_data_init_clear.o)
                0x0000000000000590                __dinit_clear
                0x0000000000000590                __dinit_clear_needed

.text.NVMCTRL_Initialize%30
                0x00000000000005a4        0xc
 .text.NVMCTRL_Initialize
                0x00000000000005a4        0xc build/default/production/_ext/1593096446/plib_nvmctrl.o
                0x00000000000005a4                NVMCTRL_Initialize

.text.TCC0_PWMCallbackRegister%31
                0x00000000000005b0        0xc
 .text.TCC0_PWMCallbackRegister
                0x00000000000005b0        0xc build/default/production/_ext/60181570/plib_tcc0.o
                0x00000000000005b0                TCC0_PWMCallbackRegister

.text.__dummy_decompress%32
                0x00000000000005bc        0x4
 .text.__dummy_decompress
                0x00000000000005bc        0x4 c:/program files/microchip/xc32/v4.45/bin/bin/../../lib/gcc/pic32c/8.3.1/../../../../pic32c/lib/thumb/v6-m/nofp\libpic32c.a(data_init.o)
                0x00000000000005bc                __dinit_decompress
                0x00000000000005bc                __dinit_copy_val_data
                0x00000000000005bc                __dinit_copy_emb

.text.Dummy_Handler%33
                0x0000000000000526        0x2
 .text.Dummy_Handler
                0x0000000000000526        0x2 build/default/production/_ext/1171490990/interrupts.o
                0x0000000000000526                SVCall_Handler
                0x0000000000000526                TC2_Handler
                0x0000000000000526                AC_Handler
                0x0000000000000526                SysTick_Handler
                0x0000000000000526                PendSV_Handler
                0x0000000000000526                SERCOM1_Handler
                0x0000000000000526                TCC1_Handler
                0x0000000000000526                SERCOM2_Handler
                0x0000000000000526                TCC0_Handler
                0x0000000000000526                ADC1_Handler
                0x0000000000000526                WDT_Handler
                0x0000000000000526                TC4_Handler
                0x0000000000000526                TC1_Handler
                0x0000000000000526                TC3_Handler
                0x0000000000000526                SDADC_Handler
                0x0000000000000526                Dummy_Handler
                0x0000000000000526                ADC0_Handler
                0x0000000000000526                TSENS_Handler
                0x0000000000000526                PDEC_Handler
                0x0000000000000526                TCC2_Handler
                0x0000000000000526                EVSYS_Handler
                0x0000000000000526                SERCOM3_Handler
                0x0000000000000526                NVMCTRL_Handler
                0x0000000000000526                SYSTEM_Handler
                0x0000000000000526                SERCOM0_Handler
                0x0000000000000526                DAC_Handler
                0x0000000000000526                FREQM_Handler
                0x0000000000000526                TC0_Handler

.text.NonMaskableInt_Handler%34
                0x00000000000005a2        0x2
 .text.NonMaskableInt_Handler
                0x00000000000005a2        0x2 build/default/production/_ext/1171490990/exceptions.o
                0x00000000000005a2                NonMaskableInt_Handler

.text.HardFault_Handler%35
                0x00000000000005c0        0x2
 .text.HardFault_Handler
                0x00000000000005c0        0x2 build/default/production/_ext/1171490990/exceptions.o
                0x00000000000005c0                HardFault_Handler

.text.Dummy_App_Func%36
                0x00000000000005c2        0x2
 .text.Dummy_App_Func
                0x00000000000005c2        0x2 build/default/production/_ext/1171490990/startup_xc32.o
                0x00000000000005c2                _on_reset
                0x00000000000005c2                _on_bootstrap
                0x00000000000005c2                __xc32_on_reset
                0x00000000000005c2                Dummy_App_Func
                0x00000000000005c2                __xc32_on_bootstrap

.text.TCC0_ISR%37
                0x00000000000005c4        0x2
 .text.TCC0_ISR
                0x00000000000005c4        0x2 build/default/production/_ext/1360937237/main.o
                0x00000000000005c4                TCC0_ISR

.text.__dummy%38
                0x00000000000005c6        0x2
 .text.__dummy  0x00000000000005c6        0x2 c:/program files/microchip/xc32/v4.45/bin/bin/../../lib/gcc/pic32c/8.3.1/../../../../pic32c/lib/thumb/v6-m/nofp\libc-musl.a(__libc_start_main.o)
                0x00000000000005c6                __init_stdio
                0x00000000000005c6                __init_host
